Archive member included to satisfy reference by file (symbol)

C:\Users\John\AppData\Local\Temp\VMBuilds\Farm_Node_Oil\Seeeduino_rolawan\Debug/core.a(cortex_handlers.c.o)
                              (Reset_Handler)
C:\Users\John\AppData\Local\Temp\VMBuilds\Farm_Node_Oil\Seeeduino_rolawan\Debug/core.a(delay.c.o)
                              libs\GPS\GPS.cpp.o (millis)
C:\Users\John\AppData\Local\Temp\VMBuilds\Farm_Node_Oil\Seeeduino_rolawan\Debug/core.a(hooks.c.o)
                              C:\Users\John\AppData\Local\Temp\VMBuilds\Farm_Node_Oil\Seeeduino_rolawan\Debug/core.a(delay.c.o) (yield)
C:\Users\John\AppData\Local\Temp\VMBuilds\Farm_Node_Oil\Seeeduino_rolawan\Debug/core.a(startup.c.o)
                              C:\Users\John\AppData\Local\Temp\VMBuilds\Farm_Node_Oil\Seeeduino_rolawan\Debug/core.a(cortex_handlers.c.o) (SystemInit)
C:\Users\John\AppData\Local\Temp\VMBuilds\Farm_Node_Oil\Seeeduino_rolawan\Debug/core.a(wiring.c.o)
                              C:\Users\John\AppData\Local\Temp\VMBuilds\Farm_Node_Oil\Seeeduino_rolawan\Debug/core.a(startup.c.o) (SystemCoreClock)
C:\Users\John\AppData\Local\Temp\VMBuilds\Farm_Node_Oil\Seeeduino_rolawan\Debug/core.a(wiring_analog.c.o)
                              libs\Sensors\Sensors.cpp.o (analogReadResolution)
C:\Users\John\AppData\Local\Temp\VMBuilds\Farm_Node_Oil\Seeeduino_rolawan\Debug/core.a(wiring_digital.c.o)
                              libs\EnergySave\EnergySave.cpp.o (pinMode)
C:\Users\John\AppData\Local\Temp\VMBuilds\Farm_Node_Oil\Seeeduino_rolawan\Debug/core.a(wiring_private.c.o)
                              C:\Users\John\AppData\Local\Temp\VMBuilds\Farm_Node_Oil\Seeeduino_rolawan\Debug/core.a(wiring_analog.c.o) (mapResolution)
C:\Users\John\AppData\Local\Temp\VMBuilds\Farm_Node_Oil\Seeeduino_rolawan\Debug/core.a(main.cpp.o)
                              c:/users/john/appdata/local/arduino15/packages/seeeduino/tools/arm-none-eabi-gcc/7-2017q4/bin/../lib/gcc/arm-none-eabi/7.2.1/../../../../arm-none-eabi/lib/thumb/v6-m/crt0.o (main)
C:\Users\John\AppData\Local\Temp\VMBuilds\Farm_Node_Oil\Seeeduino_rolawan\Debug/core.a(Print.cpp.o)
                              libs\Network\Network.cpp.o (Print::print(__FlashStringHelper const*))
C:\Users\John\AppData\Local\Temp\VMBuilds\Farm_Node_Oil\Seeeduino_rolawan\Debug/core.a(Reset.cpp.o)
                              C:\Users\John\AppData\Local\Temp\VMBuilds\Farm_Node_Oil\Seeeduino_rolawan\Debug/core.a(delay.c.o) (tickReset)
C:\Users\John\AppData\Local\Temp\VMBuilds\Farm_Node_Oil\Seeeduino_rolawan\Debug/core.a(Retarget.cpp.o)
                              (__wrap__write)
C:\Users\John\AppData\Local\Temp\VMBuilds\Farm_Node_Oil\Seeeduino_rolawan\Debug/core.a(SERCOM.cpp.o)
                              C:\Users\John\AppData\Local\Temp\VMBCore\arduino16x\e8e5fd9312cd8a391f0229b72ce0c2d4\variant\variant.cpp.o (SERCOM::SERCOM(Sercom*))
C:\Users\John\AppData\Local\Temp\VMBuilds\Farm_Node_Oil\Seeeduino_rolawan\Debug/core.a(Uart.cpp.o)
                              libs\GPS\GPS.cpp.o (Uart::begin(unsigned long))
C:\Users\John\AppData\Local\Temp\VMBuilds\Farm_Node_Oil\Seeeduino_rolawan\Debug/core.a(CDC.cpp.o)
                              Farm_Node_Oil.cpp.o (Serial)
C:\Users\John\AppData\Local\Temp\VMBuilds\Farm_Node_Oil\Seeeduino_rolawan\Debug/core.a(USBCore.cpp.o)
                              C:\Users\John\AppData\Local\Temp\VMBuilds\Farm_Node_Oil\Seeeduino_rolawan\Debug/core.a(main.cpp.o) (USBDeviceClass::init())
C:\Users\John\AppData\Local\Temp\VMBuilds\Farm_Node_Oil\Seeeduino_rolawan\Debug/core.a(abi.cpp.o)
                              C:\Users\John\AppData\Local\Temp\VMBuilds\Farm_Node_Oil\Seeeduino_rolawan\Debug/core.a(Print.cpp.o) (__cxa_pure_virtual)
C:\Users\John\AppData\Local\Temp\VMBuilds\Farm_Node_Oil\Seeeduino_rolawan\Debug/core.a(new.cpp.o)
                              C:\Users\John\AppData\Local\Temp\VMBuilds\Farm_Node_Oil\Seeeduino_rolawan\Debug/core.a(USBCore.cpp.o) (operator new(unsigned int))
C:\Users\John\AppData\Local\Temp\VMBuilds\Farm_Node_Oil\Seeeduino_rolawan\Debug/core.a(PluggableUSB.cpp.o)
                              C:\Users\John\AppData\Local\Temp\VMBuilds\Farm_Node_Oil\Seeeduino_rolawan\Debug/core.a(USBCore.cpp.o) (PluggableUSB_::getInterface(unsigned char*))
C:\Users\John\AppData\Local\Temp\VMBuilds\Farm_Node_Oil\Seeeduino_rolawan\Debug/core.a(SAMD21_USBDevice.cpp.o)
                              C:\Users\John\AppData\Local\Temp\VMBuilds\Farm_Node_Oil\Seeeduino_rolawan\Debug/core.a(USBCore.cpp.o) (USBDevice_SAMD21G18x::reset())
c:/users/john/appdata/local/arduino15/packages/seeeduino/tools/arm-none-eabi-gcc/7-2017q4/bin/../lib/gcc/arm-none-eabi/7.2.1/../../../../arm-none-eabi/lib/thumb/v6-m\libstdc++_nano.a(del_ops.o)
                              C:\Users\John\AppData\Local\Temp\VMBuilds\Farm_Node_Oil\Seeeduino_rolawan\Debug/core.a(USBCore.cpp.o) (operator delete(void*, unsigned int))
[...]
Memory Configuration

Name             Origin             Length             Attributes
FLASH            0x00002000         0x0003e000         xr
RAM              0x20000000         0x00008000         xrw
*default*        0x00000000         0xffffffff

Linker script and memory map

LOAD c:/users/john/appdata/local/arduino15/packages/seeeduino/tools/arm-none-eabi-gcc/7-2017q4/bin/../lib/gcc/arm-none-eabi/7.2.1/thumb/v6-m/crti.o
LOAD c:/users/john/appdata/local/arduino15/packages/seeeduino/tools/arm-none-eabi-gcc/7-2017q4/bin/../lib/gcc/arm-none-eabi/7.2.1/thumb/v6-m/crtbegin.o
LOAD c:/users/john/appdata/local/arduino15/packages/seeeduino/tools/arm-none-eabi-gcc/7-2017q4/bin/../lib/gcc/arm-none-eabi/7.2.1/../../../../arm-none-eabi/lib/thumb/v6-m/crt0.o
LOAD Farm_Node_Oil.cpp.o
LOAD libs\BME280\BME280.cpp.o
LOAD libs\Codec\Codec.cpp.o
LOAD libs\DS18B20\src\DS18B20.cpp.o
LOAD libs\EnergySave\EnergySave.cpp.o
LOAD libs\GPS\GPS.cpp.o
LOAD libs\LoRaWan\LoRaWan.cpp.o
LOAD libs\Network\Network.cpp.o
LOAD libs\OneWire\OneWire.cpp.o
LOAD libs\RTCZero\RTCZero.cpp.o
LOAD libs\Sensors\Sensors.cpp.o
LOAD libs\TinyGPS\TinyGPS.cpp.o
LOAD Wire\Wire.cpp.o
LOAD C:\Users\John\AppData\Local\Temp\VMBCore\arduino16x\e8e5fd9312cd8a391f0229b72ce0c2d4\variant\variant.cpp.o
START GROUP
LOAD C:\Users\John\AppData\Local\arduino15\packages\Seeeduino\tools\CMSIS\5.4.0/CMSIS/Lib/GCC/\libarm_cortexM0l_math.a
LOAD C:\Users\John\AppData\Local\Temp\VMBuilds\Farm_Node_Oil\Seeeduino_rolawan\Debug/core.a
END GROUP
LOAD c:/users/john/appdata/local/arduino15/packages/seeeduino/tools/arm-none-eabi-gcc/7-2017q4/bin/../lib/gcc/arm-none-eabi/7.2.1/../../../../arm-none-eabi/lib/thumb/v6-m\libstdc++_nano.a
LOAD c:/users/john/appdata/local/arduino15/packages/seeeduino/tools/arm-none-eabi-gcc/7-2017q4/bin/../lib/gcc/arm-none-eabi/7.2.1/../../../../arm-none-eabi/lib/thumb/v6-m\libm.a
START GROUP
LOAD c:/users/john/appdata/local/arduino15/packages/seeeduino/tools/arm-none-eabi-gcc/7-2017q4/bin/../lib/gcc/arm-none-eabi/7.2.1/thumb/v6-m\libgcc.a
LOAD c:/users/john/appdata/local/arduino15/packages/seeeduino/tools/arm-none-eabi-gcc/7-2017q4/bin/../lib/gcc/arm-none-eabi/7.2.1/../../../../arm-none-eabi/lib/thumb/v6-m\libc_nano.a
END GROUP
START GROUP
LOAD c:/users/john/appdata/local/arduino15/packages/seeeduino/tools/arm-none-eabi-gcc/7-2017q4/bin/../lib/gcc/arm-none-eabi/7.2.1/thumb/v6-m\libgcc.a
LOAD c:/users/john/appdata/local/arduino15/packages/seeeduino/tools/arm-none-eabi-gcc/7-2017q4/bin/../lib/gcc/arm-none-eabi/7.2.1/../../../../arm-none-eabi/lib/thumb/v6-m\libc_nano.a
LOAD c:/users/john/appdata/local/arduino15/packages/seeeduino/tools/arm-none-eabi-gcc/7-2017q4/bin/../lib/gcc/arm-none-eabi/7.2.1/../../../../arm-none-eabi/lib/thumb/v6-m\libnosys.a
END GROUP
START GROUP
LOAD c:/users/john/appdata/local/arduino15/packages/seeeduino/tools/arm-none-eabi-gcc/7-2017q4/bin/../lib/gcc/arm-none-eabi/7.2.1/thumb/v6-m\libgcc.a
LOAD c:/users/john/appdata/local/arduino15/packages/seeeduino/tools/arm-none-eabi-gcc/7-2017q4/bin/../lib/gcc/arm-none-eabi/7.2.1/../../../../arm-none-eabi/lib/thumb/v6-m\libc_nano.a
LOAD c:/users/john/appdata/local/arduino15/packages/seeeduino/tools/arm-none-eabi-gcc/7-2017q4/bin/../lib/gcc/arm-none-eabi/7.2.1/../../../../arm-none-eabi/lib/thumb/v6-m\libnosys.a
END GROUP
LOAD c:/users/john/appdata/local/arduino15/packages/seeeduino/tools/arm-none-eabi-gcc/7-2017q4/bin/../lib/gcc/arm-none-eabi/7.2.1/thumb/v6-m/crtend.o
LOAD c:/users/john/appdata/local/arduino15/packages/seeeduino/tools/arm-none-eabi-gcc/7-2017q4/bin/../lib/gcc/arm-none-eabi/7.2.1/thumb/v6-m/crtn.o

.text           0x00002000     0xc194
 *(.isr_vector)
 .isr_vector    0x00002000       0xb4 C:\Users\John\AppData\Local\Temp\VMBuilds\Farm_Node_Oil\Seeeduino_rolawan\Debug/core.a(cortex_handlers.c.o)
                0x00002000                exception_table
 *(.text*)
 .text          0x000020b4       0x48 c:/users/john/appdata/local/arduino15/packages/seeeduino/tools/arm-none-eabi-gcc/7-2017q4/bin/../lib/gcc/arm-none-eabi/7.2.1/thumb/v6-m/crtbegin.o
 .text._Z8onWakeUpv
                0x000020fc        0x2 Farm_Node_Oil.cpp.o
                0x000020fc                onWakeUp()
 *fill*         0x000020fe        0x2 
 .text.setup    0x00002100       0x80 Farm_Node_Oil.cpp.o
                0x00002100                setup
 .text._Z11sensorsReadv
                0x00002180       0xe8 Farm_Node_Oil.cpp.o
                0x00002180                sensorsRead()
 .text.loop     0x00002268       0x40 Farm_Node_Oil.cpp.o
                0x00002268                loop
 .text.startup._GLOBAL__sub_I_sensors
                0x000022a8       0x10 Farm_Node_Oil.cpp.o
 .text._ZN6BME28013writeRegisterEhh
                0x000022b8       0x30 libs\BME280\BME280.cpp.o
                0x000022b8                BME280::writeRegister(unsigned char, unsigned char)
 .text._ZN6BME28013setForcedModeEv
                0x000022e8        0xc libs\BME280\BME280.cpp.o
                0x000022e8                BME280::setForcedMode()
 .text._ZN6BME28011BME280Read8Eh
                0x000022f4       0x50 libs\BME280\BME280.cpp.o
                0x000022f4                BME280::BME280Read8(unsigned char)
 .text._ZN6BME28012BME280Read16Eh
                0x00002344       0x5c libs\BME280\BME280.cpp.o
                0x00002344                BME280::BME280Read16(unsigned char)
 .text._ZN6BME28014BME280Read16LEEh
                0x000023a0        0xc libs\BME280\BME280.cpp.o
                0x000023a0                BME280::BME280Read16LE(unsigned char)
 .text._ZN6BME2804initEi
                0x000023ac      0x128 libs\BME280\BME280.cpp.o
                0x000023ac                BME280::init(int)
 .text._ZN6BME28012BME280Read24Eh
                0x000024d4       0x70 libs\BME280\BME280.cpp.o
                0x000024d4                BME280::BME280Read24(unsigned char)
 .text._ZN6BME28014getTemperatureEv
                0x00002544       0x50 libs\BME280\BME280.cpp.o
                0x00002544                BME280::getTemperature()
 .text._ZN6BME28011getHumidityEv
                0x00002594       0xa8 libs\BME280\BME280.cpp.o
                0x00002594                BME280::getHumidity()
 .text._ZN6BME28011getPressureEv
                0x0000263c      0x184 libs\BME280\BME280.cpp.o
                0x0000263c                BME280::getPressure()
 .text._ZN10CodecClass4initEP6Stream
                0x000027c0        0x4 libs\Codec\Codec.cpp.o
                0x000027c0                CodecClass::init(Stream*)
 .text._ZN10CodecClass14encodePositionEPhh
                0x000027c4       0xf4 libs\Codec\Codec.cpp.o
                0x000027c4                CodecClass::encodePosition(unsigned char*, unsigned char)
 .text._ZN10CodecClass12encodePrefixEPhNS_13encoding_typeE
                0x000028b8       0x1a libs\Codec\Codec.cpp.o
                0x000028b8                CodecClass::encodePrefix(unsigned char*, CodecClass::encoding_type)
 .text._ZN10CodecClass6encodeEPhNS_13encoding_typeEi
                0x000028d2       0x24 libs\Codec\Codec.cpp.o
                0x000028d2                CodecClass::encode(unsigned char*, CodecClass::encoding_type, int)
 .text._ZN7DS18B2013getResolutionEv
                0x000028f6       0x1a libs\DS18B20\src\DS18B20.cpp.o
                0x000028f6                DS18B20::getResolution()
 .text._ZN7DS18B2010getAddressEPh
                0x00002910       0x12 libs\DS18B20\src\DS18B20.cpp.o
                0x00002910                DS18B20::getAddress(unsigned char*)
 .text._ZN7DS18B2018getNumberOfDevicesEv
                0x00002922        0x4 libs\DS18B20\src\DS18B20.cpp.o
                0x00002922                DS18B20::getNumberOfDevices()
 .text._ZN7DS18B2011sendCommandEh
                0x00002926       0x3e libs\DS18B20\src\DS18B20.cpp.o
                0x00002926                DS18B20::sendCommand(unsigned char)
 .text._ZN7DS18B2011sendCommandEhhh
                0x00002964       0x3c libs\DS18B20\src\DS18B20.cpp.o
                0x00002964                DS18B20::sendCommand(unsigned char, unsigned char, unsigned char)
 .text._ZN7DS18B2014readScratchpadEv
                0x000029a0       0x3c libs\DS18B20\src\DS18B20.cpp.o
                0x000029a0                DS18B20::readScratchpad()
 .text._ZN7DS18B2013oneWireSearchEh
                0x000029dc       0xc6 libs\DS18B20\src\DS18B20.cpp.o
                0x000029dc                DS18B20::oneWireSearch(unsigned char)
 .text._ZN7DS18B2011isConnectedEPh
                0x00002aa2       0x4c libs\DS18B20\src\DS18B20.cpp.o
                0x00002aa2                DS18B20::isConnected(unsigned char*)
 .text._ZN7DS18B206selectEPh
                0x00002aee       0x4e libs\DS18B20\src\DS18B20.cpp.o
                0x00002aee                DS18B20::select(unsigned char*)
 .text._ZN7DS18B2010selectNextEv
                0x00002b3c       0x1a libs\DS18B20\src\DS18B20.cpp.o
                0x00002b3c                DS18B20::selectNext()
 .text._ZN7DS18B20C2Eh
                0x00002b56       0x48 libs\DS18B20\src\DS18B20.cpp.o
                0x00002b56                DS18B20::DS18B20(unsigned char)
                0x00002b56                DS18B20::DS18B20(unsigned char)
 *fill*         0x00002b9e        0x2 
 .text._ZN7DS18B2018delayForConversionEhh
                0x00002ba0       0x40 libs\DS18B20\src\DS18B20.cpp.o
                0x00002ba0                DS18B20::delayForConversion(unsigned char, unsigned char)
 .text._ZN7DS18B208getTempCEv
                0x00002be0       0x68 libs\DS18B20\src\DS18B20.cpp.o
                0x00002be0                DS18B20::getTempC()
 .text._ZN15EnergySaveClass4initEP6Stream
                0x00002c48        0x4 libs\EnergySave\EnergySave.cpp.o
                0x00002c48                EnergySaveClass::init(Stream*)
 .text._ZN15EnergySaveClass15setMCUSleepModeEPFvvE
                0x00002c4c       0x44 libs\EnergySave\EnergySave.cpp.o
                0x00002c4c                EnergySaveClass::setMCUSleepMode(void (*)())
 .text._ZN15EnergySaveClass11standByModeEv
                0x00002c90       0x38 libs\EnergySave\EnergySave.cpp.o
                0x00002c90                EnergySaveClass::standByMode()
 .text._ZN15EnergySaveClass7setTimeEhhh
                0x00002cc8        0x8 libs\EnergySave\EnergySave.cpp.o
                0x00002cc8                EnergySaveClass::setTime(unsigned char, unsigned char, unsigned char)
 .text._ZN15EnergySaveClass16setAlarmDateTimeEhhh
                0x00002cd0       0x64 libs\EnergySave\EnergySave.cpp.o
                0x00002cd0                EnergySaveClass::setAlarmDateTime(unsigned char, unsigned char, unsigned char)
 .text._ZN15EnergySaveClass12lowPowerPinsEb
                0x00002d34       0x60 libs\EnergySave\EnergySave.cpp.o
                0x00002d34                EnergySaveClass::lowPowerPins(bool)
 .text._ZN15EnergySaveClass17disableI2CDevicesEv
                0x00002d94       0x20 libs\EnergySave\EnergySave.cpp.o
                0x00002d94                EnergySaveClass::disableI2CDevices()
 .text.startup._GLOBAL__sub_I__ZN15EnergySaveClass4initEP6Stream
                0x00002db4       0x18 libs\EnergySave\EnergySave.cpp.o
 .text.startup._GLOBAL__sub_I_gps_dev
                0x00002dcc       0x10 libs\GPS\GPS.cpp.o
 .text._ZN5Print5writeEPKc.part.0
                0x00002ddc       0x1a libs\LoRaWan\LoRaWan.cpp.o
 .text._ZN12LoRaWanClassC2Ev
                0x00002df6       0x14 libs\LoRaWan\LoRaWan.cpp.o
                0x00002df6                LoRaWanClass::LoRaWanClass()
                0x00002df6                LoRaWanClass::LoRaWanClass()
 *fill*         0x00002e0a        0x2 
 .text._ZN12LoRaWanClass5setIdEPcS0_S0_
                0x00002e0c       0x90 libs\LoRaWan\LoRaWan.cpp.o
                0x00002e0c                LoRaWanClass::setId(char*, char*, char*)
 .text._ZN12LoRaWanClass6wakeupEv
                0x00002e9c       0x1c libs\LoRaWan\LoRaWan.cpp.o
                0x00002e9c                LoRaWanClass::wakeup()
 .text.startup._GLOBAL__sub_I__ZN12LoRaWanClassC2Ev
                0x00002eb8       0x10 libs\LoRaWan\LoRaWan.cpp.o
 .text._ZN12LoRaWanClass4initEP6Stream
                0x00002ec8       0x14 libs\LoRaWan\LoRaWan.cpp.o
                0x00002ec8                LoRaWanClass::init(Stream*)
 .text._ZN12LoRaWanClass14loraDebugPrintEh
                0x00002edc       0x4c libs\LoRaWan\LoRaWan.cpp.o
                0x00002edc                LoRaWanClass::loraDebugPrint(unsigned char)
 .text._ZN12LoRaWanClass6setKeyEPcS0_S0_
                0x00002f28       0xac libs\LoRaWan\LoRaWan.cpp.o
                0x00002f28                LoRaWanClass::setKey(char*, char*, char*)
 .text._ZN12LoRaWanClass11setDataRateE12_data_rate_t16_physical_type_t
                0x00002fd4       0xc4 libs\LoRaWan\LoRaWan.cpp.o
                0x00002fd4                LoRaWanClass::setDataRate(_data_rate_t, _physical_type_t)
 .text._ZN12LoRaWanClass8setPowerEs
                0x00003098       0x40 libs\LoRaWan\LoRaWan.cpp.o
                0x00003098                LoRaWanClass::setPower(short)
 .text._ZN12LoRaWanClass19setAdaptiveDataRateEb
                0x000030d8       0x30 libs\LoRaWan\LoRaWan.cpp.o
                0x000030d8                LoRaWanClass::setAdaptiveDataRate(bool)
 .text._ZN12LoRaWanClass10setChannelEhf
                0x00003108       0x68 libs\LoRaWan\LoRaWan.cpp.o
                0x00003108                LoRaWanClass::setChannel(unsigned char, float)
 .text._ZN12LoRaWanClass21setReceiceWindowFirstEhf
                0x00003170       0x68 libs\LoRaWan\LoRaWan.cpp.o
                0x00003170                LoRaWanClass::setReceiceWindowFirst(unsigned char, float)
 .text._ZN12LoRaWanClass22setReceiceWindowSecondEf12_data_rate_t
                0x000031d8       0x64 libs\LoRaWan\LoRaWan.cpp.o
                0x000031d8                LoRaWanClass::setReceiceWindowSecond(float, _data_rate_t)
 .text._ZN12LoRaWanClass12setDutyCycleEb
                0x0000323c       0x30 libs\LoRaWan\LoRaWan.cpp.o
                0x0000323c                LoRaWanClass::setDutyCycle(bool)
 .text._ZN12LoRaWanClass16setJoinDutyCycleEb
                0x0000326c       0x30 libs\LoRaWan\LoRaWan.cpp.o
                0x0000326c                LoRaWanClass::setJoinDutyCycle(bool)
 .text._ZN12LoRaWanClass13setDeciveModeE14_device_mode_t
                0x0000329c       0x34 libs\LoRaWan\LoRaWan.cpp.o
                0x0000329c                LoRaWanClass::setDeciveMode(_device_mode_t)
 .text._ZN12LoRaWanClass17setDeviceLowPowerEv
                0x000032d0       0x24 libs\LoRaWan\LoRaWan.cpp.o
                0x000032d0                LoRaWanClass::setDeviceLowPower()
 .text._ZN12LoRaWanClass5sleepEv
                0x000032f4       0x24 libs\LoRaWan\LoRaWan.cpp.o
                0x000032f4                LoRaWanClass::sleep()
 .text._ZN12LoRaWanClass15readBufferUntilEPcsS0_h
                0x00003318       0x64 libs\LoRaWan\LoRaWan.cpp.o
                0x00003318                LoRaWanClass::readBufferUntil(char*, short, char*, unsigned char)
 .text._ZN12LoRaWanClass14transferPacketEPhhh
                0x0000337c       0xb0 libs\LoRaWan\LoRaWan.cpp.o
                0x0000337c                LoRaWanClass::transferPacket(unsigned char*, unsigned char, unsigned char)
 .text._ZN12LoRaWanClass10readBufferEPcsh
                0x0000342c       0x4c libs\LoRaWan\LoRaWan.cpp.o
                0x0000342c                LoRaWanClass::readBuffer(char*, short, unsigned char)
 .text._ZN12LoRaWanClass11setOTAAJoinE16_otaa_join_cmd_th
                0x00003478       0x6c libs\LoRaWan\LoRaWan.cpp.o
                0x00003478                LoRaWanClass::setOTAAJoin(_otaa_join_cmd_t, unsigned char)
 .text._ZN12NetworkClass4initEP6StreamP12LoRaWanClass
                0x000034e4       0x64 libs\Network\Network.cpp.o
                0x000034e4                NetworkClass::init(Stream*, LoRaWanClass*)
 .text._ZN12NetworkClass9connectedEv
                0x00003548        0x6 libs\Network\Network.cpp.o
                0x00003548                NetworkClass::connected()
 *fill*         0x0000354e        0x2 
 .text._ZN12NetworkClass4joinEh
                0x00003550       0x3c libs\Network\Network.cpp.o
                0x00003550                NetworkClass::join(unsigned char)
 .text._ZN12NetworkClass5setupEh
                0x0000358c       0xc8 libs\Network\Network.cpp.o
                0x0000358c                NetworkClass::setup(unsigned char)
 .text._ZN12NetworkClass4pingEv
                0x00003654       0x58 libs\Network\Network.cpp.o
                0x00003654                NetworkClass::ping()
 .text.startup._GLOBAL__sub_I__ZN12NetworkClass4initEP6StreamP12LoRaWanClass
                0x000036ac       0x40 libs\Network\Network.cpp.o
 .text._ZN7OneWire5resetEv
                0x000036ec       0x56 libs\OneWire\OneWire.cpp.o
                0x000036ec                OneWire::reset()
 .text._ZN7OneWire9write_bitEh
                0x00003742       0x36 libs\OneWire\OneWire.cpp.o
                0x00003742                OneWire::write_bit(unsigned char)
 .text._ZN7OneWire8read_bitEv
                0x00003778       0x2e libs\OneWire\OneWire.cpp.o
                0x00003778                OneWire::read_bit()
 .text._ZN7OneWire5writeEhh
                0x000037a6       0x3c libs\OneWire\OneWire.cpp.o
                0x000037a6                OneWire::write(unsigned char, unsigned char)
 .text._ZN7OneWire4readEv
                0x000037e2       0x24 libs\OneWire\OneWire.cpp.o
                0x000037e2                OneWire::read()
 .text._ZN7OneWire6selectEPKh
                0x00003806       0x24 libs\OneWire\OneWire.cpp.o
                0x00003806                OneWire::select(unsigned char const*)
 .text._ZN7OneWire12reset_searchEv
                0x0000382a        0xc libs\OneWire\OneWire.cpp.o
                0x0000382a                OneWire::reset_search()
 *fill*         0x00003836        0x2 
 .text._ZN7OneWire5beginEh
                0x00003838       0x38 libs\OneWire\OneWire.cpp.o
                0x00003838                OneWire::begin(unsigned char)
 .text._ZN7OneWire4crc8EPKhh
                0x00003870       0x2c libs\OneWire\OneWire.cpp.o
                0x00003870                OneWire::crc8(unsigned char const*, unsigned char)
 .text._ZN7RTCZeroC2Ev
                0x0000389c        0x6 libs\RTCZero\RTCZero.cpp.o
                0x0000389c                RTCZero::RTCZero()
                0x0000389c                RTCZero::RTCZero()
 *fill*         0x000038a2        0x2 
 .text.RTC_Handler
                0x000038a4       0x1c libs\RTCZero\RTCZero.cpp.o
                0x000038a4                RTC_Handler
 .text._ZN7RTCZero11enableAlarmENS_11Alarm_MatchE
                0x000038c0       0x28 libs\RTCZero\RTCZero.cpp.o
                0x000038c0                RTCZero::enableAlarm(RTCZero::Alarm_Match)
 .text._ZN7RTCZero15attachInterruptEPFvvE
                0x000038e8        0xc libs\RTCZero\RTCZero.cpp.o
                0x000038e8                RTCZero::attachInterrupt(void (*)())
 .text._ZN7RTCZero11standbyModeEv
                0x000038f4       0x14 libs\RTCZero\RTCZero.cpp.o
                0x000038f4                RTCZero::standbyMode()
 .text._ZN7RTCZero10setSecondsEh
                0x00003908       0x28 libs\RTCZero\RTCZero.cpp.o
                0x00003908                RTCZero::setSeconds(unsigned char)
 .text._ZN7RTCZero10setMinutesEh
                0x00003930       0x28 libs\RTCZero\RTCZero.cpp.o
                0x00003930                RTCZero::setMinutes(unsigned char)
 .text._ZN7RTCZero8setHoursEh
                0x00003958       0x28 libs\RTCZero\RTCZero.cpp.o
                0x00003958                RTCZero::setHours(unsigned char)
 .text._ZN7RTCZero7setTimeEhhh
                0x00003980       0x26 libs\RTCZero\RTCZero.cpp.o
                0x00003980                RTCZero::setTime(unsigned char, unsigned char, unsigned char)
 *fill*         0x000039a6        0x2 
 .text._ZN7RTCZero6setDayEh
                0x000039a8       0x28 libs\RTCZero\RTCZero.cpp.o
                0x000039a8                RTCZero::setDay(unsigned char)
 .text._ZN7RTCZero8setMonthEh
                0x000039d0       0x28 libs\RTCZero\RTCZero.cpp.o
                0x000039d0                RTCZero::setMonth(unsigned char)
 .text._ZN7RTCZero7setYearEh
                0x000039f8       0x20 libs\RTCZero\RTCZero.cpp.o
                0x000039f8                RTCZero::setYear(unsigned char)
 .text._ZN7RTCZero7setDateEhhh
                0x00003a18       0x24 libs\RTCZero\RTCZero.cpp.o
                0x00003a18                RTCZero::setDate(unsigned char, unsigned char, unsigned char)
 .text._ZN7RTCZero15setAlarmSecondsEh
                0x00003a3c       0x28 libs\RTCZero\RTCZero.cpp.o
                0x00003a3c                RTCZero::setAlarmSeconds(unsigned char)
 .text._ZN7RTCZero15setAlarmMinutesEh
                0x00003a64       0x28 libs\RTCZero\RTCZero.cpp.o
                0x00003a64                RTCZero::setAlarmMinutes(unsigned char)
 .text._ZN7RTCZero13setAlarmHoursEh
                0x00003a8c       0x28 libs\RTCZero\RTCZero.cpp.o
                0x00003a8c                RTCZero::setAlarmHours(unsigned char)
 .text._ZN7RTCZero12setAlarmTimeEhhh
                0x00003ab4       0x26 libs\RTCZero\RTCZero.cpp.o
                0x00003ab4                RTCZero::setAlarmTime(unsigned char, unsigned char, unsigned char)
 *fill*         0x00003ada        0x2 
 .text._ZN7RTCZero14configureClockEv
                0x00003adc       0x38 libs\RTCZero\RTCZero.cpp.o
                0x00003adc                RTCZero::configureClock()
 .text._ZN7RTCZero10RTCdisableEv
                0x00003b14       0x18 libs\RTCZero\RTCZero.cpp.o
                0x00003b14                RTCZero::RTCdisable()
 .text._ZN7RTCZero9RTCenableEv
                0x00003b2c       0x18 libs\RTCZero\RTCZero.cpp.o
                0x00003b2c                RTCZero::RTCenable()
 .text._ZN7RTCZero8RTCresetEv
                0x00003b44       0x18 libs\RTCZero\RTCZero.cpp.o
                0x00003b44                RTCZero::RTCreset()
 .text._ZN7RTCZero14RTCresetRemoveEv
                0x00003b5c       0x18 libs\RTCZero\RTCZero.cpp.o
                0x00003b5c                RTCZero::RTCresetRemove()
 .text._ZN7RTCZero5beginEb
                0x00003b74       0xd0 libs\RTCZero\RTCZero.cpp.o
                0x00003b74                RTCZero::begin(bool)
 .text._ZN7Sensors8readTempEv
                0x00003c44       0x28 libs\Sensors\Sensors.cpp.o
                0x00003c44                Sensors::readTemp()
 .text._ZN7Sensors6enableEv
                0x00003c6c       0x14 libs\Sensors\Sensors.cpp.o
                0x00003c6c                Sensors::enable()
 .text._ZN7SensorsC2Ev
                0x00003c80       0x20 libs\Sensors\Sensors.cpp.o
                0x00003c80                Sensors::Sensors()
                0x00003c80                Sensors::Sensors()
 .text._ZN7Sensors7disableEv
                0x00003ca0       0x14 libs\Sensors\Sensors.cpp.o
                0x00003ca0                Sensors::disable()
 .text._ZN7Sensors11readBMEtempEv
                0x00003cb4       0x16 libs\Sensors\Sensors.cpp.o
                0x00003cb4                Sensors::readBMEtemp()
 .text._ZN7Sensors10readBMEhumEv
                0x00003cca       0x1a libs\Sensors\Sensors.cpp.o
                0x00003cca                Sensors::readBMEhum()
 .text._ZN7Sensors10readBMEpreEv
                0x00003ce4       0x1a libs\Sensors\Sensors.cpp.o
                0x00003ce4                Sensors::readBMEpre()
 *fill*         0x00003cfe        0x2 
 .text._ZN7Sensors18readBatteryVoltageEv
                0x00003d00       0x60 libs\Sensors\Sensors.cpp.o
                0x00003d00                Sensors::readBatteryVoltage()
 .text._ZN7Sensors7readAllEv
                0x00003d60       0x2e libs\Sensors\Sensors.cpp.o
                0x00003d60                Sensors::readAll()
 *fill*         0x00003d8e        0x2 
 .text.startup._GLOBAL__sub_I_ds
                0x00003d90       0x10 libs\Sensors\Sensors.cpp.o
 .text._ZN7TinyGPSC2Ev
                0x00003da0       0x44 libs\TinyGPS\TinyGPS.cpp.o
                0x00003da0                TinyGPS::TinyGPS()
                0x00003da0                TinyGPS::TinyGPS()
 .text._ZN5Print17availableForWriteEv
                0x00003de4        0x4 Wire\Wire.cpp.o
                0x00003de4                Print::availableForWrite()
 .text._ZN7TwoWire5writeEPKhj
                0x00003de8       0x24 Wire\Wire.cpp.o
                0x00003de8                TwoWire::write(unsigned char const*, unsigned int)
 .text._ZN7TwoWire5flushEv
                0x00003e0c        0x2 Wire\Wire.cpp.o
                0x00003e0c                TwoWire::flush()
 .text._ZN7TwoWire4peekEv
                0x00003e0e       0x1a Wire\Wire.cpp.o
                0x00003e0e                TwoWire::peek()
 .text._ZN7TwoWire9availableEv
                0x00003e28       0x12 Wire\Wire.cpp.o
                0x00003e28                TwoWire::available()
 *fill*         0x00003e3a        0x2 
 .text._ZN7TwoWireC2EP6SERCOMhh
                0x00003e3c       0x60 Wire\Wire.cpp.o
                0x00003e3c                TwoWire::TwoWire(SERCOM*, unsigned char, unsigned char)
                0x00003e3c                TwoWire::TwoWire(SERCOM*, unsigned char, unsigned char)
 .text._ZN7TwoWire5beginEv
                0x00003e9c       0x40 Wire\Wire.cpp.o
                0x00003e9c                TwoWire::begin()
 .text._ZN7TwoWire17beginTransmissionEh
                0x00003edc       0x16 Wire\Wire.cpp.o
                0x00003edc                TwoWire::beginTransmission(unsigned char)
 .text._ZN11RingBufferNILi256EE10store_charEh
                0x00003ef2       0x1a Wire\Wire.cpp.o
                0x00003ef2                RingBufferN<256>::store_char(unsigned char)
 .text._ZN7TwoWire11requestFromEhjb
                0x00003f0c       0x62 Wire\Wire.cpp.o
                0x00003f0c                TwoWire::requestFrom(unsigned char, unsigned int, bool)
 .text._ZN7TwoWire11requestFromEhj
                0x00003f6e        0xa Wire\Wire.cpp.o
                0x00003f6e                TwoWire::requestFrom(unsigned char, unsigned int)
 .text._ZN7TwoWire5writeEh
                0x00003f78       0x2a Wire\Wire.cpp.o
                0x00003f78                TwoWire::write(unsigned char)
 .text._ZN11RingBufferNILi256EE9read_charEv
                0x00003fa2       0x20 Wire\Wire.cpp.o
                0x00003fa2                RingBufferN<256>::read_char()
 .text._ZN7TwoWire15endTransmissionEb
                0x00003fc2       0x70 Wire\Wire.cpp.o
                0x00003fc2                TwoWire::endTransmission(bool)
 .text._ZN7TwoWire15endTransmissionEv
                0x00004032        0xa Wire\Wire.cpp.o
                0x00004032                TwoWire::endTransmission()
 .text._ZN7TwoWire4readEv
                0x0000403c        0xa Wire\Wire.cpp.o
                0x0000403c                TwoWire::read()
 .text._ZN7TwoWire9onServiceEv
                0x00004046      0x11c Wire\Wire.cpp.o
                0x00004046                TwoWire::onService()
 *fill*         0x00004162        0x2 
 .text.SERCOM3_Handler
                0x00004164       0x10 Wire\Wire.cpp.o
                0x00004164                SERCOM3_Handler
 .text.startup._GLOBAL__sub_I__ZN7TwoWireC2EP6SERCOMhh
                0x00004174       0x18 Wire\Wire.cpp.o
 .text.SERCOM0_Handler
                0x0000418c       0x10 C:\Users\John\AppData\Local\Temp\VMBCore\arduino16x\e8e5fd9312cd8a391f0229b72ce0c2d4\variant\variant.cpp.o
                0x0000418c                SERCOM0_Handler
 .text.SERCOM5_Handler
                0x0000419c       0x10 C:\Users\John\AppData\Local\Temp\VMBCore\arduino16x\e8e5fd9312cd8a391f0229b72ce0c2d4\variant\variant.cpp.o
                0x0000419c                SERCOM5_Handler
 .text.SERCOM1_Handler
                0x000041ac       0x10 C:\Users\John\AppData\Local\Temp\VMBCore\arduino16x\e8e5fd9312cd8a391f0229b72ce0c2d4\variant\variant.cpp.o
                0x000041ac                SERCOM1_Handler
 .text.startup._GLOBAL__sub_I_g_APinDescription
                0x000041bc       0xa8 C:\Users\John\AppData\Local\Temp\VMBCore\arduino16x\e8e5fd9312cd8a391f0229b72ce0c2d4\variant\variant.cpp.o
 .text.Dummy_Handler
                0x00004264        0x2 C:\Users\John\AppData\Local\Temp\VMBuilds\Farm_Node_Oil\Seeeduino_rolawan\Debug/core.a(cortex_handlers.c.o)
                0x00004264                DMAC_Handler
                0x00004264                HardFault_Handler
                0x00004264                AC_Handler
                0x00004264                PendSV_Handler
                0x00004264                NMI_Handler
                0x00004264                TC7_Handler
                0x00004264                ADC_Handler
                0x00004264                TCC1_Handler
                0x00004264                SERCOM2_Handler
                0x00004264                TCC0_Handler
                0x00004264                EIC_Handler
                0x00004264                TC6_Handler
                0x00004264                WDT_Handler
                0x00004264                TC4_Handler
                0x00004264                TC3_Handler
                0x00004264                Dummy_Handler
                0x00004264                PM_Handler
                0x00004264                SVC_Handler
                0x00004264                TCC2_Handler
                0x00004264                EVSYS_Handler
                0x00004264                SERCOM4_Handler
                0x00004264                I2S_Handler
                0x00004264                NVMCTRL_Handler
                0x00004264                DAC_Handler
                0x00004264                PTC_Handler
                0x00004264                SYSCTRL_Handler
 *fill*         0x00004266        0x2 
 .text.USB_Handler
                0x00004268       0x14 C:\Users\John\AppData\Local\Temp\VMBuilds\Farm_Node_Oil\Seeeduino_rolawan\Debug/core.a(cortex_handlers.c.o)
                0x00004268                USB_Handler
 .text.Reset_Handler
                0x0000427c       0x54 C:\Users\John\AppData\Local\Temp\VMBuilds\Farm_Node_Oil\Seeeduino_rolawan\Debug/core.a(cortex_handlers.c.o)
                0x0000427c                Reset_Handler
 .text.SysTick_Handler
                0x000042d0       0x10 C:\Users\John\AppData\Local\Temp\VMBuilds\Farm_Node_Oil\Seeeduino_rolawan\Debug/core.a(cortex_handlers.c.o)
                0x000042d0                SysTick_Handler
 .text.USB_SetHandler
                0x000042e0        0xc C:\Users\John\AppData\Local\Temp\VMBuilds\Farm_Node_Oil\Seeeduino_rolawan\Debug/core.a(cortex_handlers.c.o)
                0x000042e0                USB_SetHandler
 .text.millis   0x000042ec        0xc C:\Users\John\AppData\Local\Temp\VMBuilds\Farm_Node_Oil\Seeeduino_rolawan\Debug/core.a(delay.c.o)
                0x000042ec                millis
 .text.micros   0x000042f8       0x60 C:\Users\John\AppData\Local\Temp\VMBuilds\Farm_Node_Oil\Seeeduino_rolawan\Debug/core.a(delay.c.o)
                0x000042f8                micros
 .text._real_delay
                0x00004358       0x30 C:\Users\John\AppData\Local\Temp\VMBuilds\Farm_Node_Oil\Seeeduino_rolawan\Debug/core.a(delay.c.o)
                0x00004358                _real_delay
                0x00004358                delay
 .text.SysTick_DefaultHandler
                0x00004388       0x14 C:\Users\John\AppData\Local\Temp\VMBuilds\Farm_Node_Oil\Seeeduino_rolawan\Debug/core.a(delay.c.o)
                0x00004388                SysTick_DefaultHandler
 .text.__empty  0x0000439c        0x2 C:\Users\John\AppData\Local\Temp\VMBuilds\Farm_Node_Oil\Seeeduino_rolawan\Debug/core.a(hooks.c.o)
                0x0000439c                yield
 .text.__false  0x0000439e        0x4 C:\Users\John\AppData\Local\Temp\VMBuilds\Farm_Node_Oil\Seeeduino_rolawan\Debug/core.a(hooks.c.o)
                0x0000439e                sysTickHook
 *fill*         0x000043a2        0x2 
 .text.SystemInit
                0x000043a4      0x160 C:\Users\John\AppData\Local\Temp\VMBuilds\Farm_Node_Oil\Seeeduino_rolawan\Debug/core.a(startup.c.o)
                0x000043a4                SystemInit
 .text.init     0x00004504       0xe0 C:\Users\John\AppData\Local\Temp\VMBuilds\Farm_Node_Oil\Seeeduino_rolawan\Debug/core.a(wiring.c.o)
                0x00004504                init
 .text.analogReference
                0x000045e4       0x88 C:\Users\John\AppData\Local\Temp\VMBuilds\Farm_Node_Oil\Seeeduino_rolawan\Debug/core.a(wiring_analog.c.o)
                0x000045e4                analogReference
 .text.analogRead
                0x0000466c       0xcc C:\Users\John\AppData\Local\Temp\VMBuilds\Farm_Node_Oil\Seeeduino_rolawan\Debug/core.a(wiring_analog.c.o)
                0x0000466c                analogRead
 .text.pinMode  0x00004738       0x60 C:\Users\John\AppData\Local\Temp\VMBuilds\Farm_Node_Oil\Seeeduino_rolawan\Debug/core.a(wiring_digital.c.o)
                0x00004738                pinMode
 .text.digitalWrite
                0x00004798       0x58 C:\Users\John\AppData\Local\Temp\VMBuilds\Farm_Node_Oil\Seeeduino_rolawan\Debug/core.a(wiring_digital.c.o)
                0x00004798                digitalWrite
 .text.mapResolution
                0x000047f0       0x12 C:\Users\John\AppData\Local\Temp\VMBuilds\Farm_Node_Oil\Seeeduino_rolawan\Debug/core.a(wiring_private.c.o)
                0x000047f0                mapResolution
 *fill*         0x00004802        0x2 
 .text.pinPeripheral
                0x00004804       0xc4 C:\Users\John\AppData\Local\Temp\VMBuilds\Farm_Node_Oil\Seeeduino_rolawan\Debug/core.a(wiring_private.c.o)
                0x00004804                pinPeripheral
 .text._Z11initVariantv
                0x000048c8        0x2 C:\Users\John\AppData\Local\Temp\VMBuilds\Farm_Node_Oil\Seeeduino_rolawan\Debug/core.a(main.cpp.o)
                0x000048c8                initVariant()
 *fill*         0x000048ca        0x2 
 .text._Z10_real_bodyv
                0x000048cc       0x20 C:\Users\John\AppData\Local\Temp\VMBuilds\Farm_Node_Oil\Seeeduino_rolawan\Debug/core.a(main.cpp.o)
                0x000048cc                _real_body()
 .text._Z10_wrap_bodyv
                0x000048ec        0x6 C:\Users\John\AppData\Local\Temp\VMBuilds\Farm_Node_Oil\Seeeduino_rolawan\Debug/core.a(main.cpp.o)
                0x000048ec                _wrap_body()
 *fill*         0x000048f2        0x2 
 .text.startup.main
                0x000048f4       0x30 C:\Users\John\AppData\Local\Temp\VMBuilds\Farm_Node_Oil\Seeeduino_rolawan\Debug/core.a(main.cpp.o)
                0x000048f4                main
 .text._ZN5Print5writeEPKhj
                0x00004924       0x28 C:\Users\John\AppData\Local\Temp\VMBuilds\Farm_Node_Oil\Seeeduino_rolawan\Debug/core.a(Print.cpp.o)
                0x00004924                Print::write(unsigned char const*, unsigned int)
 .text._ZN5Print5writeEPKc.part.2
                0x0000494c       0x1a C:\Users\John\AppData\Local\Temp\VMBuilds\Farm_Node_Oil\Seeeduino_rolawan\Debug/core.a(Print.cpp.o)
 .text._ZN5Print5writeEPKc
                0x00004966       0x10 C:\Users\John\AppData\Local\Temp\VMBuilds\Farm_Node_Oil\Seeeduino_rolawan\Debug/core.a(Print.cpp.o)
                0x00004966                Print::write(char const*)
 .text._ZN5Print5printEPK19__FlashStringHelper
                0x00004976        0x8 C:\Users\John\AppData\Local\Temp\VMBuilds\Farm_Node_Oil\Seeeduino_rolawan\Debug/core.a(Print.cpp.o)
                0x00004976                Print::print(__FlashStringHelper const*)
 .text._ZN5Print5printEPKc
                0x0000497e        0x8 C:\Users\John\AppData\Local\Temp\VMBuilds\Farm_Node_Oil\Seeeduino_rolawan\Debug/core.a(Print.cpp.o)
                0x0000497e                Print::print(char const*)
 .text._ZN5Print5printEc
                0x00004986        0xa C:\Users\John\AppData\Local\Temp\VMBuilds\Farm_Node_Oil\Seeeduino_rolawan\Debug/core.a(Print.cpp.o)
                0x00004986                Print::print(char)
 .text._ZN5Print7printlnEv
                0x00004990       0x10 C:\Users\John\AppData\Local\Temp\VMBuilds\Farm_Node_Oil\Seeeduino_rolawan\Debug/core.a(Print.cpp.o)
                0x00004990                Print::println()
 .text._ZN5Print7printlnEPK19__FlashStringHelper
                0x000049a0       0x14 C:\Users\John\AppData\Local\Temp\VMBuilds\Farm_Node_Oil\Seeeduino_rolawan\Debug/core.a(Print.cpp.o)
                0x000049a0                Print::println(__FlashStringHelper const*)
 .text._ZN5Print7printlnEPKc
                0x000049b4       0x14 C:\Users\John\AppData\Local\Temp\VMBuilds\Farm_Node_Oil\Seeeduino_rolawan\Debug/core.a(Print.cpp.o)
                0x000049b4                Print::println(char const*)
 .text._ZN5Print11printNumberEmh
                0x000049c8       0x48 C:\Users\John\AppData\Local\Temp\VMBuilds\Farm_Node_Oil\Seeeduino_rolawan\Debug/core.a(Print.cpp.o)
                0x000049c8                Print::printNumber(unsigned long, unsigned char)
 .text._ZN5Print5printEli
                0x00004a10       0x3e C:\Users\John\AppData\Local\Temp\VMBuilds\Farm_Node_Oil\Seeeduino_rolawan\Debug/core.a(Print.cpp.o)
                0x00004a10                Print::print(long, int)
 .text._ZN5Print7printlnEii
                0x00004a4e       0x14 C:\Users\John\AppData\Local\Temp\VMBuilds\Farm_Node_Oil\Seeeduino_rolawan\Debug/core.a(Print.cpp.o)
                0x00004a4e                Print::println(int, int)
 .text._ZN5Print5printEmi
                0x00004a62       0x18 C:\Users\John\AppData\Local\Temp\VMBuilds\Farm_Node_Oil\Seeeduino_rolawan\Debug/core.a(Print.cpp.o)
                0x00004a62                Print::print(unsigned long, int)
 .text._ZN5Print5printEhi
                0x00004a7a        0x8 C:\Users\John\AppData\Local\Temp\VMBuilds\Farm_Node_Oil\Seeeduino_rolawan\Debug/core.a(Print.cpp.o)
                0x00004a7a                Print::print(unsigned char, int)
 .text._ZN5Print7printlnEhi
                0x00004a82       0x14 C:\Users\John\AppData\Local\Temp\VMBuilds\Farm_Node_Oil\Seeeduino_rolawan\Debug/core.a(Print.cpp.o)
                0x00004a82                Print::println(unsigned char, int)
 .text._ZN5Print7printlnEmi
                0x00004a96       0x14 C:\Users\John\AppData\Local\Temp\VMBuilds\Farm_Node_Oil\Seeeduino_rolawan\Debug/core.a(Print.cpp.o)
                0x00004a96                Print::println(unsigned long, int)
 *fill*         0x00004aaa        0x2 
 .text._ZN5Print10printFloatEdh
                0x00004aac      0x16c C:\Users\John\AppData\Local\Temp\VMBuilds\Farm_Node_Oil\Seeeduino_rolawan\Debug/core.a(Print.cpp.o)
                0x00004aac                Print::printFloat(double, unsigned char)
 .text._ZN5Print7printlnEdi
                0x00004c18       0x20 C:\Users\John\AppData\Local\Temp\VMBuilds\Farm_Node_Oil\Seeeduino_rolawan\Debug/core.a(Print.cpp.o)
                0x00004c18                Print::println(double, int)
 .text.initiateReset
                0x00004c38        0xc C:\Users\John\AppData\Local\Temp\VMBuilds\Farm_Node_Oil\Seeeduino_rolawan\Debug/core.a(Reset.cpp.o)
                0x00004c38                initiateReset
 .text.cancelReset
                0x00004c44       0x10 C:\Users\John\AppData\Local\Temp\VMBuilds\Farm_Node_Oil\Seeeduino_rolawan\Debug/core.a(Reset.cpp.o)
                0x00004c44                cancelReset
 .text.tickReset
                0x00004c54       0x64 C:\Users\John\AppData\Local\Temp\VMBuilds\Farm_Node_Oil\Seeeduino_rolawan\Debug/core.a(Reset.cpp.o)
                0x00004c54                tickReset
 .text.__wrap__write
                0x00004cb8        0x4 C:\Users\John\AppData\Local\Temp\VMBuilds\Farm_Node_Oil\Seeeduino_rolawan\Debug/core.a(Retarget.cpp.o)
                0x00004cb8                __wrap__write
 .text._ZN6SERCOMC2EP6Sercom
                0x00004cbc        0x4 C:\Users\John\AppData\Local\Temp\VMBuilds\Farm_Node_Oil\Seeeduino_rolawan\Debug/core.a(SERCOM.cpp.o)
                0x00004cbc                SERCOM::SERCOM(Sercom*)
                0x00004cbc                SERCOM::SERCOM(Sercom*)
 .text._ZN6SERCOM9initFrameE18SercomUartCharSize15SercomDataOrder16SercomParityMode19SercomNumberStopBit
                0x00004cc0       0x3a C:\Users\John\AppData\Local\Temp\VMBuilds\Farm_Node_Oil\Seeeduino_rolawan\Debug/core.a(SERCOM.cpp.o)
                0x00004cc0                SERCOM::initFrame(SercomUartCharSize, SercomDataOrder, SercomParityMode, SercomNumberStopBit)
 .text._ZN6SERCOM8initPadsE15SercomUartTXPad11SercomRXPad
                0x00004cfa       0x26 C:\Users\John\AppData\Local\Temp\VMBuilds\Farm_Node_Oil\Seeeduino_rolawan\Debug/core.a(SERCOM.cpp.o)
                0x00004cfa                SERCOM::initPads(SercomUartTXPad, SercomRXPad)
 .text._ZN6SERCOM9resetUARTEv
                0x00004d20       0x1a C:\Users\John\AppData\Local\Temp\VMBuilds\Farm_Node_Oil\Seeeduino_rolawan\Debug/core.a(SERCOM.cpp.o)
                0x00004d20                SERCOM::resetUART()
 .text._ZN6SERCOM10enableUARTEv
                0x00004d3a       0x14 C:\Users\John\AppData\Local\Temp\VMBuilds\Farm_Node_Oil\Seeeduino_rolawan\Debug/core.a(SERCOM.cpp.o)
                0x00004d3a                SERCOM::enableUART()
 .text._ZN6SERCOM9flushUARTEv
                0x00004d4e       0x10 C:\Users\John\AppData\Local\Temp\VMBuilds\Farm_Node_Oil\Seeeduino_rolawan\Debug/core.a(SERCOM.cpp.o)
                0x00004d4e                SERCOM::flushUART()
 .text._ZN6SERCOM15clearStatusUARTEv
                0x00004d5e        0x8 C:\Users\John\AppData\Local\Temp\VMBuilds\Farm_Node_Oil\Seeeduino_rolawan\Debug/core.a(SERCOM.cpp.o)
                0x00004d5e                SERCOM::clearStatusUART()
 .text._ZN6SERCOM17availableDataUARTEv
                0x00004d66        0xa C:\Users\John\AppData\Local\Temp\VMBuilds\Farm_Node_Oil\Seeeduino_rolawan\Debug/core.a(SERCOM.cpp.o)
                0x00004d66                SERCOM::availableDataUART()
 .text._ZN6SERCOM11isUARTErrorEv
                0x00004d70        0x8 C:\Users\John\AppData\Local\Temp\VMBuilds\Farm_Node_Oil\Seeeduino_rolawan\Debug/core.a(SERCOM.cpp.o)
                0x00004d70                SERCOM::isUARTError()
 .text._ZN6SERCOM20acknowledgeUARTErrorEv
                0x00004d78        0xe C:\Users\John\AppData\Local\Temp\VMBuilds\Farm_Node_Oil\Seeeduino_rolawan\Debug/core.a(SERCOM.cpp.o)
                0x00004d78                SERCOM::acknowledgeUARTError()
 .text._ZN6SERCOM16isFrameErrorUARTEv
                0x00004d86        0xa C:\Users\John\AppData\Local\Temp\VMBuilds\Farm_Node_Oil\Seeeduino_rolawan\Debug/core.a(SERCOM.cpp.o)
                0x00004d86                SERCOM::isFrameErrorUART()
 .text._ZN6SERCOM19clearFrameErrorUARTEv
                0x00004d90        0xc C:\Users\John\AppData\Local\Temp\VMBuilds\Farm_Node_Oil\Seeeduino_rolawan\Debug/core.a(SERCOM.cpp.o)
                0x00004d90                SERCOM::clearFrameErrorUART()
 .text._ZN6SERCOM23isDataRegisterEmptyUARTEv
                0x00004d9c        0xa C:\Users\John\AppData\Local\Temp\VMBuilds\Farm_Node_Oil\Seeeduino_rolawan\Debug/core.a(SERCOM.cpp.o)
                0x00004d9c                SERCOM::isDataRegisterEmptyUART()
 .text._ZN6SERCOM12readDataUARTEv
                0x00004da6        0x8 C:\Users\John\AppData\Local\Temp\VMBuilds\Farm_Node_Oil\Seeeduino_rolawan\Debug/core.a(SERCOM.cpp.o)
                0x00004da6                SERCOM::readDataUART()
 .text._ZN6SERCOM13writeDataUARTEh
                0x00004dae       0x10 C:\Users\John\AppData\Local\Temp\VMBuilds\Farm_Node_Oil\Seeeduino_rolawan\Debug/core.a(SERCOM.cpp.o)
                0x00004dae                SERCOM::writeDataUART(unsigned char)
 .text._ZN6SERCOM36enableDataRegisterEmptyInterruptUARTEv
                0x00004dbe        0x8 C:\Users\John\AppData\Local\Temp\VMBuilds\Farm_Node_Oil\Seeeduino_rolawan\Debug/core.a(SERCOM.cpp.o)
                0x00004dbe                SERCOM::enableDataRegisterEmptyInterruptUART()
 .text._ZN6SERCOM37disableDataRegisterEmptyInterruptUARTEv
                0x00004dc6        0x8 C:\Users\John\AppData\Local\Temp\VMBuilds\Farm_Node_Oil\Seeeduino_rolawan\Debug/core.a(SERCOM.cpp.o)
                0x00004dc6                SERCOM::disableDataRegisterEmptyInterruptUART()
 .text._ZN6SERCOM9resetWIREEv
                0x00004dce       0x1a C:\Users\John\AppData\Local\Temp\VMBuilds\Farm_Node_Oil\Seeeduino_rolawan\Debug/core.a(SERCOM.cpp.o)
                0x00004dce                SERCOM::resetWIRE()
 .text._ZN6SERCOM10enableWIREEv
                0x00004de8       0x2a C:\Users\John\AppData\Local\Temp\VMBuilds\Farm_Node_Oil\Seeeduino_rolawan\Debug/core.a(SERCOM.cpp.o)
                0x00004de8                SERCOM::enableWIRE()
 .text._ZN6SERCOM18prepareNackBitWIREEv
                0x00004e12       0x10 C:\Users\John\AppData\Local\Temp\VMBuilds\Farm_Node_Oil\Seeeduino_rolawan\Debug/core.a(SERCOM.cpp.o)
                0x00004e12                SERCOM::prepareNackBitWIRE()
 *fill*         0x00004e22        0x2 
 .text._ZN6SERCOM17prepareAckBitWIREEv
                0x00004e24       0x14 C:\Users\John\AppData\Local\Temp\VMBuilds\Farm_Node_Oil\Seeeduino_rolawan\Debug/core.a(SERCOM.cpp.o)
                0x00004e24                SERCOM::prepareAckBitWIRE()
 .text._ZN6SERCOM22prepareCommandBitsWireEh
                0x00004e38       0x2c C:\Users\John\AppData\Local\Temp\VMBuilds\Farm_Node_Oil\Seeeduino_rolawan\Debug/core.a(SERCOM.cpp.o)
                0x00004e38                SERCOM::prepareCommandBitsWire(unsigned char)
 .text._ZN6SERCOM21startTransmissionWIREEh23SercomWireReadWriteFlag
                0x00004e64       0x5a C:\Users\John\AppData\Local\Temp\VMBuilds\Farm_Node_Oil\Seeeduino_rolawan\Debug/core.a(SERCOM.cpp.o)
                0x00004e64                SERCOM::startTransmissionWIRE(unsigned char, SercomWireReadWriteFlag)
 .text._ZN6SERCOM18sendDataMasterWIREEh
                0x00004ebe       0x24 C:\Users\John\AppData\Local\Temp\VMBuilds\Farm_Node_Oil\Seeeduino_rolawan\Debug/core.a(SERCOM.cpp.o)
                0x00004ebe                SERCOM::sendDataMasterWIRE(unsigned char)
 .text._ZN6SERCOM17sendDataSlaveWIREEh
                0x00004ee2       0x1c C:\Users\John\AppData\Local\Temp\VMBuilds\Farm_Node_Oil\Seeeduino_rolawan\Debug/core.a(SERCOM.cpp.o)
                0x00004ee2                SERCOM::sendDataSlaveWIRE(unsigned char)
 .text._ZN6SERCOM11isSlaveWIREEv
                0x00004efe       0x12 C:\Users\John\AppData\Local\Temp\VMBuilds\Farm_Node_Oil\Seeeduino_rolawan\Debug/core.a(SERCOM.cpp.o)
                0x00004efe                SERCOM::isSlaveWIRE()
 .text._ZN6SERCOM15isDataReadyWIREEv
                0x00004f10        0xa C:\Users\John\AppData\Local\Temp\VMBuilds\Farm_Node_Oil\Seeeduino_rolawan\Debug/core.a(SERCOM.cpp.o)
                0x00004f10                SERCOM::isDataReadyWIRE()
 .text._ZN6SERCOM18isStopDetectedWIREEv
                0x00004f1a        0xa C:\Users\John\AppData\Local\Temp\VMBuilds\Farm_Node_Oil\Seeeduino_rolawan\Debug/core.a(SERCOM.cpp.o)
                0x00004f1a                SERCOM::isStopDetectedWIRE()
 .text._ZN6SERCOM21isRestartDetectedWIREEv
                0x00004f24        0xa C:\Users\John\AppData\Local\Temp\VMBuilds\Farm_Node_Oil\Seeeduino_rolawan\Debug/core.a(SERCOM.cpp.o)
                0x00004f24                SERCOM::isRestartDetectedWIRE()
 .text._ZN6SERCOM14isAddressMatchEv
                0x00004f2e        0xa C:\Users\John\AppData\Local\Temp\VMBuilds\Farm_Node_Oil\Seeeduino_rolawan\Debug/core.a(SERCOM.cpp.o)
                0x00004f2e                SERCOM::isAddressMatch()
 .text._ZN6SERCOM25isMasterReadOperationWIREEv
                0x00004f38        0xa C:\Users\John\AppData\Local\Temp\VMBuilds\Farm_Node_Oil\Seeeduino_rolawan\Debug/core.a(SERCOM.cpp.o)
                0x00004f38                SERCOM::isMasterReadOperationWIRE()
 .text._ZN6SERCOM12readDataWIREEv
                0x00004f42       0x1a C:\Users\John\AppData\Local\Temp\VMBuilds\Farm_Node_Oil\Seeeduino_rolawan\Debug/core.a(SERCOM.cpp.o)
                0x00004f42                SERCOM::readDataWIRE()
 .text._ZN6SERCOM14getSercomIndexEv
                0x00004f5c       0x5c C:\Users\John\AppData\Local\Temp\VMBuilds\Farm_Node_Oil\Seeeduino_rolawan\Debug/core.a(SERCOM.cpp.o)
                0x00004f5c                SERCOM::getSercomIndex()
 .text._ZN6SERCOM13initClockNVICEv
                0x00004fb8       0x90 C:\Users\John\AppData\Local\Temp\VMBuilds\Farm_Node_Oil\Seeeduino_rolawan\Debug/core.a(SERCOM.cpp.o)
                0x00004fb8                SERCOM::initClockNVIC()
 .text._ZN6SERCOM8initUARTE14SercomUartMode20SercomUartSampleRatem
                0x00005048       0x6c C:\Users\John\AppData\Local\Temp\VMBuilds\Farm_Node_Oil\Seeeduino_rolawan\Debug/core.a(SERCOM.cpp.o)
                0x00005048                SERCOM::initUART(SercomUartMode, SercomUartSampleRate, unsigned long)
 .text._ZN6SERCOM14initMasterWIREEm
                0x000050b4       0x54 C:\Users\John\AppData\Local\Temp\VMBuilds\Farm_Node_Oil\Seeeduino_rolawan\Debug/core.a(SERCOM.cpp.o)
                0x000050b4                SERCOM::initMasterWIRE(unsigned long)
 .text._ZN4UartcvbEv
                0x00005108        0x4 C:\Users\John\AppData\Local\Temp\VMBuilds\Farm_Node_Oil\Seeeduino_rolawan\Debug/core.a(Uart.cpp.o)
                0x00005108                Uart::operator bool()
 .text._ZN4Uart5beginEm
                0x0000510c       0x10 C:\Users\John\AppData\Local\Temp\VMBuilds\Farm_Node_Oil\Seeeduino_rolawan\Debug/core.a(Uart.cpp.o)
                0x0000510c                Uart::begin(unsigned long)
 .text._ZN4Uart4peekEv
                0x0000511c       0x1a C:\Users\John\AppData\Local\Temp\VMBuilds\Farm_Node_Oil\Seeeduino_rolawan\Debug/core.a(Uart.cpp.o)
                0x0000511c                Uart::peek()
 .text._ZN4Uart3endEv
                0x00005136       0x20 C:\Users\John\AppData\Local\Temp\VMBuilds\Farm_Node_Oil\Seeeduino_rolawan\Debug/core.a(Uart.cpp.o)
                0x00005136                Uart::end()
 .text._ZN4Uart16extractNbStopBitEt
                0x00005156        0xc C:\Users\John\AppData\Local\Temp\VMBuilds\Farm_Node_Oil\Seeeduino_rolawan\Debug/core.a(Uart.cpp.o)
                0x00005156                Uart::extractNbStopBit(unsigned short)
 .text._ZN4Uart15extractCharSizeEt
                0x00005162       0x28 C:\Users\John\AppData\Local\Temp\VMBuilds\Farm_Node_Oil\Seeeduino_rolawan\Debug/core.a(Uart.cpp.o)
                0x00005162                Uart::extractCharSize(unsigned short)
 .text._ZN4Uart13extractParityEt
                0x0000518a       0x14 C:\Users\John\AppData\Local\Temp\VMBuilds\Farm_Node_Oil\Seeeduino_rolawan\Debug/core.a(Uart.cpp.o)
                0x0000518a                Uart::extractParity(unsigned short)
 *fill*         0x0000519e        0x2 
 .text._ZN4Uart5beginEmt
                0x000051a0       0xf8 C:\Users\John\AppData\Local\Temp\VMBuilds\Farm_Node_Oil\Seeeduino_rolawan\Debug/core.a(Uart.cpp.o)
                0x000051a0                Uart::begin(unsigned long, unsigned short)
 .text._ZN11RingBufferNILi256EEC2Ev
                0x00005298       0x1c C:\Users\John\AppData\Local\Temp\VMBuilds\Farm_Node_Oil\Seeeduino_rolawan\Debug/core.a(Uart.cpp.o)
                0x00005298                RingBufferN<256>::RingBufferN()
                0x00005298                RingBufferN<256>::RingBufferN()
 .text._ZN4UartC2EP6SERCOMhh11SercomRXPad15SercomUartTXPad
                0x000052b4       0x74 C:\Users\John\AppData\Local\Temp\VMBuilds\Farm_Node_Oil\Seeeduino_rolawan\Debug/core.a(Uart.cpp.o)
                0x000052b4                Uart::Uart(SERCOM*, unsigned char, unsigned char, SercomRXPad, SercomUartTXPad)
                0x000052b4                Uart::Uart(SERCOM*, unsigned char, unsigned char, SercomRXPad, SercomUartTXPad)
 .text._ZN11RingBufferNILi256EE17availableForStoreEv
                0x00005328       0x20 C:\Users\John\AppData\Local\Temp\VMBuilds\Farm_Node_Oil\Seeeduino_rolawan\Debug/core.a(Uart.cpp.o)
                0x00005328                RingBufferN<256>::availableForStore()
 .text._ZN4Uart17availableForWriteEv
                0x00005348        0xc C:\Users\John\AppData\Local\Temp\VMBuilds\Farm_Node_Oil\Seeeduino_rolawan\Debug/core.a(Uart.cpp.o)
                0x00005348                Uart::availableForWrite()
 .text._ZN4Uart4readEv
                0x00005354       0x4c C:\Users\John\AppData\Local\Temp\VMBuilds\Farm_Node_Oil\Seeeduino_rolawan\Debug/core.a(Uart.cpp.o)
                0x00005354                Uart::read()
 .text._ZN11RingBufferNILi256EE9availableEv
                0x000053a0       0x12 C:\Users\John\AppData\Local\Temp\VMBuilds\Farm_Node_Oil\Seeeduino_rolawan\Debug/core.a(Uart.cpp.o)
                0x000053a0                RingBufferN<256>::available()
 .text._ZN4Uart5flushEv
                0x000053b2       0x1a C:\Users\John\AppData\Local\Temp\VMBuilds\Farm_Node_Oil\Seeeduino_rolawan\Debug/core.a(Uart.cpp.o)
                0x000053b2                Uart::flush()
 .text._ZN4Uart9availableEv
                0x000053cc        0xa C:\Users\John\AppData\Local\Temp\VMBuilds\Farm_Node_Oil\Seeeduino_rolawan\Debug/core.a(Uart.cpp.o)
                0x000053cc                Uart::available()
 .text._ZN4Uart10IrqHandlerEv
                0x000053d6       0xcc C:\Users\John\AppData\Local\Temp\VMBuilds\Farm_Node_Oil\Seeeduino_rolawan\Debug/core.a(Uart.cpp.o)
                0x000053d6                Uart::IrqHandler()
 *fill*         0x000054a2        0x2 
 .text._ZN4Uart5writeEh
                0x000054a4       0xb4 C:\Users\John\AppData\Local\Temp\VMBuilds\Farm_Node_Oil\Seeeduino_rolawan\Debug/core.a(Uart.cpp.o)
                0x000054a4                Uart::write(unsigned char)
 .text._ZN7Serial_17availableForWriteEv
                0x00005558        0x4 C:\Users\John\AppData\Local\Temp\VMBuilds\Farm_Node_Oil\Seeeduino_rolawan\Debug/core.a(CDC.cpp.o)
                0x00005558                Serial_::availableForWrite()
 .text._ZN7Serial_5writeEh
                0x0000555c       0x14 C:\Users\John\AppData\Local\Temp\VMBuilds\Farm_Node_Oil\Seeeduino_rolawan\Debug/core.a(CDC.cpp.o)
                0x0000555c                Serial_::write(unsigned char)
 .text._ZN7Serial_9availableEv
                0x00005570       0x1c C:\Users\John\AppData\Local\Temp\VMBuilds\Farm_Node_Oil\Seeeduino_rolawan\Debug/core.a(CDC.cpp.o)
                0x00005570                Serial_::available()
 .text._ZN7Serial_5flushEv
                0x0000558c        0xc C:\Users\John\AppData\Local\Temp\VMBuilds\Farm_Node_Oil\Seeeduino_rolawan\Debug/core.a(CDC.cpp.o)
                0x0000558c                Serial_::flush()
 .text._ZN7Serial_5clearEv
                0x00005598        0xc C:\Users\John\AppData\Local\Temp\VMBuilds\Farm_Node_Oil\Seeeduino_rolawan\Debug/core.a(CDC.cpp.o)
                0x00005598                Serial_::clear()
 .text._ZN7Serial_4peekEv
                0x000055a4       0x1c C:\Users\John\AppData\Local\Temp\VMBuilds\Farm_Node_Oil\Seeeduino_rolawan\Debug/core.a(CDC.cpp.o)
                0x000055a4                Serial_::peek()
 .text._ZN7Serial_4readEv
                0x000055c0       0x24 C:\Users\John\AppData\Local\Temp\VMBuilds\Farm_Node_Oil\Seeeduino_rolawan\Debug/core.a(CDC.cpp.o)
                0x000055c0                Serial_::read()
 .text._ZN7Serial_5writeEPKhj
                0x000055e4       0x30 C:\Users\John\AppData\Local\Temp\VMBuilds\Farm_Node_Oil\Seeeduino_rolawan\Debug/core.a(CDC.cpp.o)
                0x000055e4                Serial_::write(unsigned char const*, unsigned int)
 .text._Z16CDC_GetInterfacePh
                0x00005614       0x1c C:\Users\John\AppData\Local\Temp\VMBuilds\Farm_Node_Oil\Seeeduino_rolawan\Debug/core.a(CDC.cpp.o)
                0x00005614                CDC_GetInterface(unsigned char*)
 .text._Z9CDC_SetupR8USBSetup
                0x00005630       0x7c C:\Users\John\AppData\Local\Temp\VMBuilds\Farm_Node_Oil\Seeeduino_rolawan\Debug/core.a(CDC.cpp.o)
                0x00005630                CDC_Setup(USBSetup&)
 .text.startup._GLOBAL__sub_I__Z17_CDC_GetInterfacev
                0x000056ac       0x28 C:\Users\John\AppData\Local\Temp\VMBuilds\Farm_Node_Oil\Seeeduino_rolawan\Debug/core.a(CDC.cpp.o)
 .text._ZN26DoubleBufferedEPOutHandlerD2Ev
                0x000056d4        0x2 C:\Users\John\AppData\Local\Temp\VMBuilds\Farm_Node_Oil\Seeeduino_rolawan\Debug/core.a(USBCore.cpp.o)
                0x000056d4                DoubleBufferedEPOutHandler::~DoubleBufferedEPOutHandler()
                0x000056d4                DoubleBufferedEPOutHandler::~DoubleBufferedEPOutHandler()
 .text._ZN26DoubleBufferedEPOutHandler4initEv
                0x000056d6        0x2 C:\Users\John\AppData\Local\Temp\VMBuilds\Farm_Node_Oil\Seeeduino_rolawan\Debug/core.a(USBCore.cpp.o)
                0x000056d6                DoubleBufferedEPOutHandler::init()
 .text._ZL5utox8mPc
                0x000056d8       0x24 C:\Users\John\AppData\Local\Temp\VMBuilds\Farm_Node_Oil\Seeeduino_rolawan\Debug/core.a(USBCore.cpp.o)
 .text._ZN26DoubleBufferedEPOutHandlerD0Ev
                0x000056fc       0x10 C:\Users\John\AppData\Local\Temp\VMBuilds\Farm_Node_Oil\Seeeduino_rolawan\Debug/core.a(USBCore.cpp.o)
                0x000056fc                DoubleBufferedEPOutHandler::~DoubleBufferedEPOutHandler()
 .text._ZN14USBDeviceClass6initEPEmm.part.8
                0x0000570c       0xe0 C:\Users\John\AppData\Local\Temp\VMBuilds\Farm_Node_Oil\Seeeduino_rolawan\Debug/core.a(USBCore.cpp.o)
 .text._ZN7__GuardC2Ev
                0x000057ec        0xe C:\Users\John\AppData\Local\Temp\VMBuilds\Farm_Node_Oil\Seeeduino_rolawan\Debug/core.a(USBCore.cpp.o)
                0x000057ec                __Guard::__Guard()
                0x000057ec                __Guard::__Guard()
 .text._ZN7__GuardD2Ev
                0x000057fa        0xe C:\Users\John\AppData\Local\Temp\VMBuilds\Farm_Node_Oil\Seeeduino_rolawan\Debug/core.a(USBCore.cpp.o)
                0x000057fa                __Guard::~__Guard()
                0x000057fa                __Guard::~__Guard()
 .text._ZNK26DoubleBufferedEPOutHandler10_availableEv
                0x00005808       0x6a C:\Users\John\AppData\Local\Temp\VMBuilds\Farm_Node_Oil\Seeeduino_rolawan\Debug/core.a(USBCore.cpp.o)
                0x00005808                DoubleBufferedEPOutHandler::_available() const
 *fill*         0x00005872        0x2 
 .text._ZN26DoubleBufferedEPOutHandler7releaseEv
                0x00005874       0x3c C:\Users\John\AppData\Local\Temp\VMBuilds\Farm_Node_Oil\Seeeduino_rolawan\Debug/core.a(USBCore.cpp.o)
                0x00005874                DoubleBufferedEPOutHandler::release()
 .text._ZN26DoubleBufferedEPOutHandler14handleEndpointEv
                0x000058b0       0xdc C:\Users\John\AppData\Local\Temp\VMBuilds\Farm_Node_Oil\Seeeduino_rolawan\Debug/core.a(USBCore.cpp.o)
                0x000058b0                DoubleBufferedEPOutHandler::handleEndpoint()
 .text._ZN26DoubleBufferedEPOutHandler5_recvEv
                0x0000598c      0x184 C:\Users\John\AppData\Local\Temp\VMBuilds\Farm_Node_Oil\Seeeduino_rolawan\Debug/core.a(USBCore.cpp.o)
                0x0000598c                DoubleBufferedEPOutHandler::_recv()
 .text._ZN26DoubleBufferedEPOutHandler4peekEv
                0x00005b10       0x22 C:\Users\John\AppData\Local\Temp\VMBuilds\Farm_Node_Oil\Seeeduino_rolawan\Debug/core.a(USBCore.cpp.o)
                0x00005b10                DoubleBufferedEPOutHandler::peek()
 .text._ZN26DoubleBufferedEPOutHandler9availableEv
                0x00005b32       0x18 C:\Users\John\AppData\Local\Temp\VMBuilds\Farm_Node_Oil\Seeeduino_rolawan\Debug/core.a(USBCore.cpp.o)
                0x00005b32                DoubleBufferedEPOutHandler::available()
 .text._ZN26DoubleBufferedEPOutHandler4recvEPvm
                0x00005b4a       0x72 C:\Users\John\AppData\Local\Temp\VMBuilds\Farm_Node_Oil\Seeeduino_rolawan\Debug/core.a(USBCore.cpp.o)
                0x00005b4a                DoubleBufferedEPOutHandler::recv(void*, unsigned long)
 .text._ZN14USBDeviceClass14SendInterfacesEPm
                0x00005bbc       0x2c C:\Users\John\AppData\Local\Temp\VMBuilds\Farm_Node_Oil\Seeeduino_rolawan\Debug/core.a(USBCore.cpp.o)
                0x00005bbc                USBDeviceClass::SendInterfaces(unsigned long*)
 .text._ZN14USBDeviceClass14handleEndpointEh
                0x00005be8       0x48 C:\Users\John\AppData\Local\Temp\VMBuilds\Farm_Node_Oil\Seeeduino_rolawan\Debug/core.a(USBCore.cpp.o)
                0x00005be8                USBDeviceClass::handleEndpoint(unsigned char)
 .text._ZN14USBDeviceClass4initEv
                0x00005c30      0x10c C:\Users\John\AppData\Local\Temp\VMBuilds\Farm_Node_Oil\Seeeduino_rolawan\Debug/core.a(USBCore.cpp.o)
                0x00005c30                USBDeviceClass::init()
 .text._ZN14USBDeviceClass6attachEv
                0x00005d3c       0x34 C:\Users\John\AppData\Local\Temp\VMBuilds\Farm_Node_Oil\Seeeduino_rolawan\Debug/core.a(USBCore.cpp.o)
                0x00005d3c                USBDeviceClass::attach()
 .text._ZN14USBDeviceClass10setAddressEm
                0x00005d70       0x48 C:\Users\John\AppData\Local\Temp\VMBuilds\Farm_Node_Oil\Seeeduino_rolawan\Debug/core.a(USBCore.cpp.o)
                0x00005d70                USBDeviceClass::setAddress(unsigned long)
 .text._ZN14USBDeviceClass25handleClassInterfaceSetupER8USBSetup
                0x00005db8       0x44 C:\Users\John\AppData\Local\Temp\VMBuilds\Farm_Node_Oil\Seeeduino_rolawan\Debug/core.a(USBCore.cpp.o)
                0x00005db8                USBDeviceClass::handleClassInterfaceSetup(USBSetup&)
 .text._ZN14USBDeviceClass6initEPEmm
                0x00005dfc      0x12c C:\Users\John\AppData\Local\Temp\VMBuilds\Farm_Node_Oil\Seeeduino_rolawan\Debug/core.a(USBCore.cpp.o)
                0x00005dfc                USBDeviceClass::initEP(unsigned long, unsigned long)
 .text._ZN14USBDeviceClass13initEndpointsEv
                0x00005f28       0x24 C:\Users\John\AppData\Local\Temp\VMBuilds\Farm_Node_Oil\Seeeduino_rolawan\Debug/core.a(USBCore.cpp.o)
                0x00005f28                USBDeviceClass::initEndpoints()
 .text._ZN14USBDeviceClass5clearEm
                0x00005f4c       0x38 C:\Users\John\AppData\Local\Temp\VMBuilds\Farm_Node_Oil\Seeeduino_rolawan\Debug/core.a(USBCore.cpp.o)
                0x00005f4c                USBDeviceClass::clear(unsigned long)
 .text._ZN14USBDeviceClass9availableEm
                0x00005f84       0x2c C:\Users\John\AppData\Local\Temp\VMBuilds\Farm_Node_Oil\Seeeduino_rolawan\Debug/core.a(USBCore.cpp.o)
                0x00005f84                USBDeviceClass::available(unsigned long)
 .text._ZN14USBDeviceClass5flushEm
                0x00005fb0       0x2c C:\Users\John\AppData\Local\Temp\VMBuilds\Farm_Node_Oil\Seeeduino_rolawan\Debug/core.a(USBCore.cpp.o)
                0x00005fb0                USBDeviceClass::flush(unsigned long)
 .text._ZN14USBDeviceClass14armRecvCtrlOUTEm
                0x00005fdc       0x5c C:\Users\John\AppData\Local\Temp\VMBuilds\Farm_Node_Oil\Seeeduino_rolawan\Debug/core.a(USBCore.cpp.o)
                0x00005fdc                USBDeviceClass::armRecvCtrlOUT(unsigned long)
 .text._ZN14USBDeviceClass11recvControlEPvm
                0x00006038       0x3c C:\Users\John\AppData\Local\Temp\VMBuilds\Farm_Node_Oil\Seeeduino_rolawan\Debug/core.a(USBCore.cpp.o)
                0x00006038                USBDeviceClass::recvControl(void*, unsigned long)
 .text._ZN14USBDeviceClass7armRecvEm
                0x00006074       0x38 C:\Users\John\AppData\Local\Temp\VMBuilds\Farm_Node_Oil\Seeeduino_rolawan\Debug/core.a(USBCore.cpp.o)
                0x00006074                USBDeviceClass::armRecv(unsigned long)
 .text._ZN14USBDeviceClass4recvEmPvm
                0x000060ac       0xd8 C:\Users\John\AppData\Local\Temp\VMBuilds\Farm_Node_Oil\Seeeduino_rolawan\Debug/core.a(USBCore.cpp.o)
                0x000060ac                USBDeviceClass::recv(unsigned long, void*, unsigned long)
 .text._ZN14USBDeviceClass4recvEm
                0x00006184       0x1c C:\Users\John\AppData\Local\Temp\VMBuilds\Farm_Node_Oil\Seeeduino_rolawan\Debug/core.a(USBCore.cpp.o)
                0x00006184                USBDeviceClass::recv(unsigned long)
 .text._ZN14USBDeviceClass4sendEmPKvm
                0x000061a0      0x110 C:\Users\John\AppData\Local\Temp\VMBuilds\Farm_Node_Oil\Seeeduino_rolawan\Debug/core.a(USBCore.cpp.o)
                0x000061a0                USBDeviceClass::send(unsigned long, void const*, unsigned long)
 .text._ZN14USBDeviceClass7armSendEmPKvm
                0x000062b0       0x48 C:\Users\John\AppData\Local\Temp\VMBuilds\Farm_Node_Oil\Seeeduino_rolawan\Debug/core.a(USBCore.cpp.o)
                0x000062b0                USBDeviceClass::armSend(unsigned long, void const*, unsigned long)
 .text._ZN14USBDeviceClass11sendControlEPKvm
                0x000062f8       0x54 C:\Users\John\AppData\Local\Temp\VMBuilds\Farm_Node_Oil\Seeeduino_rolawan\Debug/core.a(USBCore.cpp.o)
                0x000062f8                USBDeviceClass::sendControl(void const*, unsigned long)
 .text._ZN14USBDeviceClass20sendStringDescriptorEPKhh
                0x0000634c       0x68 C:\Users\John\AppData\Local\Temp\VMBuilds\Farm_Node_Oil\Seeeduino_rolawan\Debug/core.a(USBCore.cpp.o)
                0x0000634c                USBDeviceClass::sendStringDescriptor(unsigned char const*, unsigned char)
 .text._ZN14USBDeviceClass17sendConfigurationEm
                0x000063b4       0x80 C:\Users\John\AppData\Local\Temp\VMBuilds\Farm_Node_Oil\Seeeduino_rolawan\Debug/core.a(USBCore.cpp.o)
                0x000063b4                USBDeviceClass::sendConfiguration(unsigned long)
 .text._ZN14USBDeviceClass14sendDescriptorER8USBSetup
                0x00006434       0xf0 C:\Users\John\AppData\Local\Temp\VMBuilds\Farm_Node_Oil\Seeeduino_rolawan\Debug/core.a(USBCore.cpp.o)
                0x00006434                USBDeviceClass::sendDescriptor(USBSetup&)
 .text._ZN14USBDeviceClass19handleStandardSetupER8USBSetup
                0x00006524      0x104 C:\Users\John\AppData\Local\Temp\VMBuilds\Farm_Node_Oil\Seeeduino_rolawan\Debug/core.a(USBCore.cpp.o)
                0x00006524                USBDeviceClass::handleStandardSetup(USBSetup&)
 .text._ZN14USBDeviceClass10ISRHandlerEv
                0x00006628      0x140 C:\Users\John\AppData\Local\Temp\VMBuilds\Farm_Node_Oil\Seeeduino_rolawan\Debug/core.a(USBCore.cpp.o)
                0x00006628                USBDeviceClass::ISRHandler()
 .text.UDD_Handler
                0x00006768       0x10 C:\Users\John\AppData\Local\Temp\VMBuilds\Farm_Node_Oil\Seeeduino_rolawan\Debug/core.a(USBCore.cpp.o)
                0x00006768                UDD_Handler
 .text.startup._GLOBAL__sub_I_usbd
                0x00006778       0x10 C:\Users\John\AppData\Local\Temp\VMBuilds\Farm_Node_Oil\Seeeduino_rolawan\Debug/core.a(USBCore.cpp.o)
 .text._Znwj    0x00006788        0x8 C:\Users\John\AppData\Local\Temp\VMBuilds\Farm_Node_Oil\Seeeduino_rolawan\Debug/core.a(new.cpp.o)
                0x00006788                operator new(unsigned int)
 .text._ZdlPv   0x00006790        0x8 C:\Users\John\AppData\Local\Temp\VMBuilds\Farm_Node_Oil\Seeeduino_rolawan\Debug/core.a(new.cpp.o)
                0x00006790                operator delete(void*)
 .text._sbrk    0x00006798       0x3c C:\Users\John\AppData\Local\Temp\VMBuilds\Farm_Node_Oil\Seeeduino_rolawan\Debug/core.a(new.cpp.o)
                0x00006798                _sbrk
 .text._ZN13PluggableUSB_12getInterfaceEPh
                0x000067d4       0x28 C:\Users\John\AppData\Local\Temp\VMBuilds\Farm_Node_Oil\Seeeduino_rolawan\Debug/core.a(PluggableUSB.cpp.o)
                0x000067d4                PluggableUSB_::getInterface(unsigned char*)
 .text._ZN13PluggableUSB_13getDescriptorER8USBSetup
                0x000067fc       0x20 C:\Users\John\AppData\Local\Temp\VMBuilds\Farm_Node_Oil\Seeeduino_rolawan\Debug/core.a(PluggableUSB.cpp.o)
                0x000067fc                PluggableUSB_::getDescriptor(USBSetup&)
 .text._ZN13PluggableUSB_5setupER8USBSetup
                0x0000681c       0x20 C:\Users\John\AppData\Local\Temp\VMBuilds\Farm_Node_Oil\Seeeduino_rolawan\Debug/core.a(PluggableUSB.cpp.o)
                0x0000681c                PluggableUSB_::setup(USBSetup&)
 .text._ZN13PluggableUSB_14handleEndpointEi
                0x0000683c       0x20 C:\Users\John\AppData\Local\Temp\VMBuilds\Farm_Node_Oil\Seeeduino_rolawan\Debug/core.a(PluggableUSB.cpp.o)
                0x0000683c                PluggableUSB_::handleEndpoint(int)
 .text._Z12PluggableUSBv
                0x0000685c       0x24 C:\Users\John\AppData\Local\Temp\VMBuilds\Farm_Node_Oil\Seeeduino_rolawan\Debug/core.a(PluggableUSB.cpp.o)
                0x0000685c                PluggableUSB()
 .text._ZN20USBDevice_SAMD21G18x5resetEv
                0x00006880       0x2e C:\Users\John\AppData\Local\Temp\VMBuilds\Farm_Node_Oil\Seeeduino_rolawan\Debug/core.a(SAMD21_USBDevice.cpp.o)
                0x00006880                USBDevice_SAMD21G18x::reset()
 *fill*         0x000068ae        0x2 
 .text._ZN20USBDevice_SAMD21G18x9calibrateEv
                0x000068b0       0x60 C:\Users\John\AppData\Local\Temp\VMBuilds\Farm_Node_Oil\Seeeduino_rolawan\Debug/core.a(SAMD21_USBDevice.cpp.o)
                0x000068b0                USBDevice_SAMD21G18x::calibrate()
 .text._ZdlPvj  0x00006910        0x8 c:/users/john/appdata/local/arduino15/packages/seeeduino/tools/arm-none-eabi-gcc/7-2017q4/bin/../lib/gcc/arm-none-eabi/7.2.1/../../../../arm-none-eabi/lib/thumb/v6-m\libstdc++_nano.a(del_ops.o)
                0x00006910                operator delete(void*, unsigned int)
 .text          0x00006918       0x14 c:/users/john/appdata/local/arduino15/packages/seeeduino/tools/arm-none-eabi-gcc/7-2017q4/bin/../lib/gcc/arm-none-eabi/7.2.1/thumb/v6-m\libgcc.a(_thumb1_case_uqi.o)
                0x00006918                __gnu_thumb1_case_uqi
 .text          0x0000692c      0x114 c:/users/john/appdata/local/arduino15/packages/seeeduino/tools/arm-none-eabi-gcc/7-2017q4/bin/../lib/gcc/arm-none-eabi/7.2.1/thumb/v6-m\libgcc.a(_udivsi3.o)
                0x0000692c                __aeabi_uidiv
                0x0000692c                __udivsi3
                0x00006a38                __aeabi_uidivmod
 .text          0x00006a40      0x1d4 c:/users/john/appdata/local/arduino15/packages/seeeduino/tools/arm-none-eabi-gcc/7-2017q4/bin/../lib/gcc/arm-none-eabi/7.2.1/thumb/v6-m\libgcc.a(_divsi3.o)
                0x00006a40                __divsi3
                0x00006a40                __aeabi_idiv
                0x00006c0c                __aeabi_idivmod
 .text          0x00006c14        0x4 c:/users/john/appdata/local/arduino15/packages/seeeduino/tools/arm-none-eabi-gcc/7-2017q4/bin/../lib/gcc/arm-none-eabi/7.2.1/thumb/v6-m\libgcc.a(_dvmd_tls.o)
                0x00006c14                __aeabi_idiv0
                0x00006c14                __aeabi_ldiv0
 .text          0x00006c18       0x7c c:/users/john/appdata/local/arduino15/packages/seeeduino/tools/arm-none-eabi-gcc/7-2017q4/bin/../lib/gcc/arm-none-eabi/7.2.1/thumb/v6-m\libgcc.a(_arm_cmpdf2.o)
                0x00006c18                __aeabi_cdrcmple
                0x00006c28                __aeabi_cdcmple
                0x00006c28                __aeabi_cdcmpeq
                0x00006c38                __aeabi_dcmpeq
                0x00006c44                __aeabi_dcmplt
                0x00006c58                __aeabi_dcmple
                0x00006c6c                __aeabi_dcmpgt
                0x00006c80                __aeabi_dcmpge
 .text          0x00006c94       0x74 c:/users/john/appdata/local/arduino15/packages/seeeduino/tools/arm-none-eabi-gcc/7-2017q4/bin/../lib/gcc/arm-none-eabi/7.2.1/thumb/v6-m\libgcc.a(_arm_cmpsf2.o)
                0x00006c94                __aeabi_cfrcmple
                0x00006c9c                __aeabi_cfcmpeq
                0x00006c9c                __aeabi_cfcmple
                0x00006cac                __aeabi_fcmpeq
                0x00006cb8                __aeabi_fcmplt
                0x00006ccc                __aeabi_fcmple
                0x00006ce0                __aeabi_fcmpgt
                0x00006cf4                __aeabi_fcmpge
 .text          0x00006d08       0x48 c:/users/john/appdata/local/arduino15/packages/seeeduino/tools/arm-none-eabi-gcc/7-2017q4/bin/../lib/gcc/arm-none-eabi/7.2.1/thumb/v6-m\libgcc.a(_aeabi_ldivmod.o)
                0x00006d08                __aeabi_ldivmod
 .text          0x00006d50       0x54 c:/users/john/appdata/local/arduino15/packages/seeeduino/tools/arm-none-eabi-gcc/7-2017q4/bin/../lib/gcc/arm-none-eabi/7.2.1/thumb/v6-m\libgcc.a(_muldi3.o)
                0x00006d50                __muldi3
                0x00006d50                __aeabi_lmul
 .text          0x00006da4       0x3c c:/users/john/appdata/local/arduino15/packages/seeeduino/tools/arm-none-eabi-gcc/7-2017q4/bin/../lib/gcc/arm-none-eabi/7.2.1/thumb/v6-m\libgcc.a(_fixunsdfsi.o)
                0x00006da4                __aeabi_d2uiz
                0x00006da4                __fixunsdfsi
 .text          0x00006de0       0x38 c:/users/john/appdata/local/arduino15/packages/seeeduino/tools/arm-none-eabi-gcc/7-2017q4/bin/../lib/gcc/arm-none-eabi/7.2.1/thumb/v6-m\libgcc.a(bpabi.o)
                0x00006de0                __gnu_ldivmod_helper
 .text          0x00006e18      0x334 c:/users/john/appdata/local/arduino15/packages/seeeduino/tools/arm-none-eabi-gcc/7-2017q4/bin/../lib/gcc/arm-none-eabi/7.2.1/thumb/v6-m\libgcc.a(addsf3.o)
                0x00006e18                __aeabi_fadd
 .text          0x0000714c      0x224 c:/users/john/appdata/local/arduino15/packages/seeeduino/tools/arm-none-eabi-gcc/7-2017q4/bin/../lib/gcc/arm-none-eabi/7.2.1/thumb/v6-m\libgcc.a(divsf3.o)
                0x0000714c                __aeabi_fdiv
 .text          0x00007370       0x50 c:/users/john/appdata/local/arduino15/packages/seeeduino/tools/arm-none-eabi-gcc/7-2017q4/bin/../lib/gcc/arm-none-eabi/7.2.1/thumb/v6-m\libgcc.a(eqsf2.o)
                0x00007370                __eqsf2
                0x00007370                __nesf2
 .text          0x000073c0       0x9c c:/users/john/appdata/local/arduino15/packages/seeeduino/tools/arm-none-eabi-gcc/7-2017q4/bin/../lib/gcc/arm-none-eabi/7.2.1/thumb/v6-m\libgcc.a(gesf2.o)
                0x000073c0                __gesf2
                0x000073c0                __gtsf2
 .text          0x0000745c       0xa0 c:/users/john/appdata/local/arduino15/packages/seeeduino/tools/arm-none-eabi-gcc/7-2017q4/bin/../lib/gcc/arm-none-eabi/7.2.1/thumb/v6-m\libgcc.a(lesf2.o)
                0x0000745c                __ltsf2
                0x0000745c                __lesf2
 .text          0x000074fc      0x264 c:/users/john/appdata/local/arduino15/packages/seeeduino/tools/arm-none-eabi-gcc/7-2017q4/bin/../lib/gcc/arm-none-eabi/7.2.1/thumb/v6-m\libgcc.a(mulsf3.o)
                0x000074fc                __aeabi_fmul
 .text          0x00007760       0x40 c:/users/john/appdata/local/arduino15/packages/seeeduino/tools/arm-none-eabi-gcc/7-2017q4/bin/../lib/gcc/arm-none-eabi/7.2.1/thumb/v6-m\libgcc.a(fixsfsi.o)
                0x00007760                __aeabi_f2iz
 .text          0x000077a0       0x94 c:/users/john/appdata/local/arduino15/packages/seeeduino/tools/arm-none-eabi-gcc/7-2017q4/bin/../lib/gcc/arm-none-eabi/7.2.1/thumb/v6-m\libgcc.a(floatsisf.o)
                0x000077a0                __aeabi_i2f
 .text          0x00007834       0x80 c:/users/john/appdata/local/arduino15/packages/seeeduino/tools/arm-none-eabi-gcc/7-2017q4/bin/../lib/gcc/arm-none-eabi/7.2.1/thumb/v6-m\libgcc.a(floatunsisf.o)
                0x00007834                __aeabi_ui2f
 .text          0x000078b4      0x638 c:/users/john/appdata/local/arduino15/packages/seeeduino/tools/arm-none-eabi-gcc/7-2017q4/bin/../lib/gcc/arm-none-eabi/7.2.1/thumb/v6-m\libgcc.a(adddf3.o)
                0x000078b4                __aeabi_dadd
 .text          0x00007eec      0x604 c:/users/john/appdata/local/arduino15/packages/seeeduino/tools/arm-none-eabi-gcc/7-2017q4/bin/../lib/gcc/arm-none-eabi/7.2.1/thumb/v6-m\libgcc.a(divdf3.o)
                0x00007eec                __aeabi_ddiv
 .text          0x000084f0       0x78 c:/users/john/appdata/local/arduino15/packages/seeeduino/tools/arm-none-eabi-gcc/7-2017q4/bin/../lib/gcc/arm-none-eabi/7.2.1/thumb/v6-m\libgcc.a(eqdf2.o)
                0x000084f0                __nedf2
                0x000084f0                __eqdf2
 .text          0x00008568       0xc8 c:/users/john/appdata/local/arduino15/packages/seeeduino/tools/arm-none-eabi-gcc/7-2017q4/bin/../lib/gcc/arm-none-eabi/7.2.1/thumb/v6-m\libgcc.a(gedf2.o)
                0x00008568                __gedf2
                0x00008568                __gtdf2
 .text          0x00008630       0xd0 c:/users/john/appdata/local/arduino15/packages/seeeduino/tools/arm-none-eabi-gcc/7-2017q4/bin/../lib/gcc/arm-none-eabi/7.2.1/thumb/v6-m\libgcc.a(ledf2.o)
                0x00008630                __ledf2
                0x00008630                __ltdf2
 .text          0x00008700      0x4e4 c:/users/john/appdata/local/arduino15/packages/seeeduino/tools/arm-none-eabi-gcc/7-2017q4/bin/../lib/gcc/arm-none-eabi/7.2.1/thumb/v6-m\libgcc.a(muldf3.o)
                0x00008700                __aeabi_dmul
 .text          0x00008be4      0x690 c:/users/john/appdata/local/arduino15/packages/seeeduino/tools/arm-none-eabi-gcc/7-2017q4/bin/../lib/gcc/arm-none-eabi/7.2.1/thumb/v6-m\libgcc.a(subdf3.o)
                0x00008be4                __aeabi_dsub
 .text          0x00009274       0x38 c:/users/john/appdata/local/arduino15/packages/seeeduino/tools/arm-none-eabi-gcc/7-2017q4/bin/../lib/gcc/arm-none-eabi/7.2.1/thumb/v6-m\libgcc.a(unorddf2.o)
                0x00009274                __aeabi_dcmpun
 .text          0x000092ac       0x6c c:/users/john/appdata/local/arduino15/packages/seeeduino/tools/arm-none-eabi-gcc/7-2017q4/bin/../lib/gcc/arm-none-eabi/7.2.1/thumb/v6-m\libgcc.a(fixdfsi.o)
                0x000092ac                __aeabi_d2iz
 .text          0x00009318       0x74 c:/users/john/appdata/local/arduino15/packages/seeeduino/tools/arm-none-eabi-gcc/7-2017q4/bin/../lib/gcc/arm-none-eabi/7.2.1/thumb/v6-m\libgcc.a(floatsidf.o)
                0x00009318                __aeabi_i2d
 .text          0x0000938c       0x64 c:/users/john/appdata/local/arduino15/packages/seeeduino/tools/arm-none-eabi-gcc/7-2017q4/bin/../lib/gcc/arm-none-eabi/7.2.1/thumb/v6-m\libgcc.a(floatunsidf.o)
                0x0000938c                __aeabi_ui2d
 .text          0x000093f0       0xa4 c:/users/john/appdata/local/arduino15/packages/seeeduino/tools/arm-none-eabi-gcc/7-2017q4/bin/../lib/gcc/arm-none-eabi/7.2.1/thumb/v6-m\libgcc.a(extendsfdf2.o)
                0x000093f0                __aeabi_f2d
 .text          0x00009494      0x108 c:/users/john/appdata/local/arduino15/packages/seeeduino/tools/arm-none-eabi-gcc/7-2017q4/bin/../lib/gcc/arm-none-eabi/7.2.1/thumb/v6-m\libgcc.a(truncdfsf2.o)
                0x00009494                __aeabi_d2f
 .text          0x0000959c       0x3c c:/users/john/appdata/local/arduino15/packages/seeeduino/tools/arm-none-eabi-gcc/7-2017q4/bin/../lib/gcc/arm-none-eabi/7.2.1/thumb/v6-m\libgcc.a(_clzsi2.o)
                0x0000959c                __clzsi2
 .text          0x000095d8      0x1b0 c:/users/john/appdata/local/arduino15/packages/seeeduino/tools/arm-none-eabi-gcc/7-2017q4/bin/../lib/gcc/arm-none-eabi/7.2.1/thumb/v6-m\libgcc.a(_divdi3.o)
                0x000095d8                __divdi3
 .text          0x00009788       0x18 c:/users/john/appdata/local/arduino15/packages/seeeduino/tools/arm-none-eabi-gcc/7-2017q4/bin/../lib/gcc/arm-none-eabi/7.2.1/thumb/v6-m\libgcc.a(_clzdi2.o)
                0x00009788                __clzdi2
 .text.__libc_init_array
                0x000097a0       0x48 c:/users/john/appdata/local/arduino15/packages/seeeduino/tools/arm-none-eabi-gcc/7-2017q4/bin/../lib/gcc/arm-none-eabi/7.2.1/../../../../arm-none-eabi/lib/thumb/v6-m\libc_nano.a(lib_a-init.o)
                0x000097a0                __libc_init_array
 .text.malloc   0x000097e8       0x14 c:/users/john/appdata/local/arduino15/packages/seeeduino/tools/arm-none-eabi-gcc/7-2017q4/bin/../lib/gcc/arm-none-eabi/7.2.1/../../../../arm-none-eabi/lib/thumb/v6-m\libc_nano.a(lib_a-malloc.o)
                0x000097e8                malloc
 .text.free     0x000097fc       0x14 c:/users/john/appdata/local/arduino15/packages/seeeduino/tools/arm-none-eabi-gcc/7-2017q4/bin/../lib/gcc/arm-none-eabi/7.2.1/../../../../arm-none-eabi/lib/thumb/v6-m\libc_nano.a(lib_a-malloc.o)
                0x000097fc                free
 .text.memcpy   0x00009810       0x12 c:/users/john/appdata/local/arduino15/packages/seeeduino/tools/arm-none-eabi-gcc/7-2017q4/bin/../lib/gcc/arm-none-eabi/7.2.1/../../../../arm-none-eabi/lib/thumb/v6-m\libc_nano.a(lib_a-memcpy-stub.o)
                0x00009810                memcpy
 .text.memset   0x00009822       0x10 c:/users/john/appdata/local/arduino15/packages/seeeduino/tools/arm-none-eabi-gcc/7-2017q4/bin/../lib/gcc/arm-none-eabi/7.2.1/../../../../arm-none-eabi/lib/thumb/v6-m\libc_nano.a(lib_a-memset.o)
                0x00009822                memset
 *fill*         0x00009832        0x2 
 .text._free_r  0x00009834       0x94 c:/users/john/appdata/local/arduino15/packages/seeeduino/tools/arm-none-eabi-gcc/7-2017q4/bin/../lib/gcc/arm-none-eabi/7.2.1/../../../../arm-none-eabi/lib/thumb/v6-m\libc_nano.a(lib_a-nano-freer.o)
                0x00009834                _free_r
 .text._malloc_r
                0x000098c8       0xbc c:/users/john/appdata/local/arduino15/packages/seeeduino/tools/arm-none-eabi-gcc/7-2017q4/bin/../lib/gcc/arm-none-eabi/7.2.1/../../../../arm-none-eabi/lib/thumb/v6-m\libc_nano.a(lib_a-nano-mallocr.o)
                0x000098c8                _malloc_r
 .text.__cvt    0x00009984       0xc8 c:/users/john/appdata/local/arduino15/packages/seeeduino/tools/arm-none-eabi-gcc/7-2017q4/bin/../lib/gcc/arm-none-eabi/7.2.1/../../../../arm-none-eabi/lib/thumb/v6-m\libc_nano.a(lib_a-nano-vfprintf_float.o)
                0x00009984                __cvt
 .text.__exponent
                0x00009a4c       0x70 c:/users/john/appdata/local/arduino15/packages/seeeduino/tools/arm-none-eabi-gcc/7-2017q4/bin/../lib/gcc/arm-none-eabi/7.2.1/../../../../arm-none-eabi/lib/thumb/v6-m\libc_nano.a(lib_a-nano-vfprintf_float.o)
                0x00009a4c                __exponent
 .text._printf_float
                0x00009abc      0x498 c:/users/john/appdata/local/arduino15/packages/seeeduino/tools/arm-none-eabi-gcc/7-2017q4/bin/../lib/gcc/arm-none-eabi/7.2.1/../../../../arm-none-eabi/lib/thumb/v6-m\libc_nano.a(lib_a-nano-vfprintf_float.o)
                0x00009abc                _printf_float
 .text._printf_common
                0x00009f54       0xda c:/users/john/appdata/local/arduino15/packages/seeeduino/tools/arm-none-eabi-gcc/7-2017q4/bin/../lib/gcc/arm-none-eabi/7.2.1/../../../../arm-none-eabi/lib/thumb/v6-m\libc_nano.a(lib_a-nano-vfprintf_i.o)
                0x00009f54                _printf_common
 *fill*         0x0000a02e        0x2 
 .text._printf_i
                0x0000a030      0x210 c:/users/john/appdata/local/arduino15/packages/seeeduino/tools/arm-none-eabi-gcc/7-2017q4/bin/../lib/gcc/arm-none-eabi/7.2.1/../../../../arm-none-eabi/lib/thumb/v6-m\libc_nano.a(lib_a-nano-vfprintf_i.o)
                0x0000a030                _printf_i
 .text._scanf_float
                0x0000a240      0x3fc c:/users/john/appdata/local/arduino15/packages/seeeduino/tools/arm-none-eabi-gcc/7-2017q4/bin/../lib/gcc/arm-none-eabi/7.2.1/../../../../arm-none-eabi/lib/thumb/v6-m\libc_nano.a(lib_a-nano-vfscanf_float.o)
                0x0000a240                _scanf_float
 .text._sbrk_r  0x0000a63c       0x24 c:/users/john/appdata/local/arduino15/packages/seeeduino/tools/arm-none-eabi-gcc/7-2017q4/bin/../lib/gcc/arm-none-eabi/7.2.1/../../../../arm-none-eabi/lib/thumb/v6-m\libc_nano.a(lib_a-sbrkr.o)
                0x0000a63c                _sbrk_r
 .text.nanf     0x0000a660        0x8 c:/users/john/appdata/local/arduino15/packages/seeeduino/tools/arm-none-eabi-gcc/7-2017q4/bin/../lib/gcc/arm-none-eabi/7.2.1/../../../../arm-none-eabi/lib/thumb/v6-m\libc_nano.a(lib_a-sf_nan.o)
                0x0000a660                nanf
 .text.sprintf  0x0000a668       0x40 c:/users/john/appdata/local/arduino15/packages/seeeduino/tools/arm-none-eabi-gcc/7-2017q4/bin/../lib/gcc/arm-none-eabi/7.2.1/../../../../arm-none-eabi/lib/thumb/v6-m\libc_nano.a(lib_a-sprintf.o)
                0x0000a668                siprintf
                0x0000a668                sprintf
 .text          0x0000a6a8        0xe c:/users/john/appdata/local/arduino15/packages/seeeduino/tools/arm-none-eabi-gcc/7-2017q4/bin/../lib/gcc/arm-none-eabi/7.2.1/../../../../arm-none-eabi/lib/thumb/v6-m\libc_nano.a(lib_a-strlen.o)
                0x0000a6a8                strlen
 .text.strstr   0x0000a6b6       0x32 c:/users/john/appdata/local/arduino15/packages/seeeduino/tools/arm-none-eabi-gcc/7-2017q4/bin/../lib/gcc/arm-none-eabi/7.2.1/../../../../arm-none-eabi/lib/thumb/v6-m\libc_nano.a(lib_a-strstr.o)
                0x0000a6b6                strstr
 .text.unlikely.sulp
                0x0000a6e8       0x30 c:/users/john/appdata/local/arduino15/packages/seeeduino/tools/arm-none-eabi-gcc/7-2017q4/bin/../lib/gcc/arm-none-eabi/7.2.1/../../../../arm-none-eabi/lib/thumb/v6-m\libc_nano.a(lib_a-strtod.o)
 .text._strtod_l
                0x0000a718      0xc50 c:/users/john/appdata/local/arduino15/packages/seeeduino/tools/arm-none-eabi-gcc/7-2017q4/bin/../lib/gcc/arm-none-eabi/7.2.1/../../../../arm-none-eabi/lib/thumb/v6-m\libc_nano.a(lib_a-strtod.o)
                0x0000a718                _strtod_l
 .text._strtod_r
                0x0000b368       0x1c c:/users/john/appdata/local/arduino15/packages/seeeduino/tools/arm-none-eabi-gcc/7-2017q4/bin/../lib/gcc/arm-none-eabi/7.2.1/../../../../arm-none-eabi/lib/thumb/v6-m\libc_nano.a(lib_a-strtod.o)
                0x0000b368                _strtod_r
 .text._strtol_l.isra.0
                0x0000b384      0x104 c:/users/john/appdata/local/arduino15/packages/seeeduino/tools/arm-none-eabi-gcc/7-2017q4/bin/../lib/gcc/arm-none-eabi/7.2.1/../../../../arm-none-eabi/lib/thumb/v6-m\libc_nano.a(lib_a-strtol.o)
 .text._strtol_r
                0x0000b488       0x20 c:/users/john/appdata/local/arduino15/packages/seeeduino/tools/arm-none-eabi-gcc/7-2017q4/bin/../lib/gcc/arm-none-eabi/7.2.1/../../../../arm-none-eabi/lib/thumb/v6-m\libc_nano.a(lib_a-strtol.o)
                0x0000b488                _strtol_r
 .text.quorem   0x0000b4a8      0x10c c:/users/john/appdata/local/arduino15/packages/seeeduino/tools/arm-none-eabi-gcc/7-2017q4/bin/../lib/gcc/arm-none-eabi/7.2.1/../../../../arm-none-eabi/lib/thumb/v6-m\libc_nano.a(lib_a-dtoa.o)
 .text._dtoa_r  0x0000b5b4      0xbc0 c:/users/john/appdata/local/arduino15/packages/seeeduino/tools/arm-none-eabi-gcc/7-2017q4/bin/../lib/gcc/arm-none-eabi/7.2.1/../../../../arm-none-eabi/lib/thumb/v6-m\libc_nano.a(lib_a-dtoa.o)
                0x0000b5b4                _dtoa_r
 .text.rshift   0x0000c174       0x68 c:/users/john/appdata/local/arduino15/packages/seeeduino/tools/arm-none-eabi-gcc/7-2017q4/bin/../lib/gcc/arm-none-eabi/7.2.1/../../../../arm-none-eabi/lib/thumb/v6-m\libc_nano.a(lib_a-gdtoa-gethex.o)
 .text.__hexdig_fun
                0x0000c1dc       0x2a c:/users/john/appdata/local/arduino15/packages/seeeduino/tools/arm-none-eabi-gcc/7-2017q4/bin/../lib/gcc/arm-none-eabi/7.2.1/../../../../arm-none-eabi/lib/thumb/v6-m\libc_nano.a(lib_a-gdtoa-gethex.o)
                0x0000c1dc                __hexdig_fun
 .text.__gethex
                0x0000c206      0x456 c:/users/john/appdata/local/arduino15/packages/seeeduino/tools/arm-none-eabi-gcc/7-2017q4/bin/../lib/gcc/arm-none-eabi/7.2.1/../../../../arm-none-eabi/lib/thumb/v6-m\libc_nano.a(lib_a-gdtoa-gethex.o)
                0x0000c206                __gethex
 .text.L_shift  0x0000c65c       0x24 c:/users/john/appdata/local/arduino15/packages/seeeduino/tools/arm-none-eabi-gcc/7-2017q4/bin/../lib/gcc/arm-none-eabi/7.2.1/../../../../arm-none-eabi/lib/thumb/v6-m\libc_nano.a(lib_a-gdtoa-hexnan.o)
 .text.__match  0x0000c680       0x28 c:/users/john/appdata/local/arduino15/packages/seeeduino/tools/arm-none-eabi-gcc/7-2017q4/bin/../lib/gcc/arm-none-eabi/7.2.1/../../../../arm-none-eabi/lib/thumb/v6-m\libc_nano.a(lib_a-gdtoa-hexnan.o)
                0x0000c680                __match
 .text.__hexnan
                0x0000c6a8      0x12e c:/users/john/appdata/local/arduino15/packages/seeeduino/tools/arm-none-eabi-gcc/7-2017q4/bin/../lib/gcc/arm-none-eabi/7.2.1/../../../../arm-none-eabi/lib/thumb/v6-m\libc_nano.a(lib_a-gdtoa-hexnan.o)
                0x0000c6a8                __hexnan
 .text.__locale_ctype_ptr_l
                0x0000c7d6        0x6 c:/users/john/appdata/local/arduino15/packages/seeeduino/tools/arm-none-eabi-gcc/7-2017q4/bin/../lib/gcc/arm-none-eabi/7.2.1/../../../../arm-none-eabi/lib/thumb/v6-m\libc_nano.a(lib_a-locale.o)
                0x0000c7d6                __locale_ctype_ptr_l
 .text.__localeconv_l
                0x0000c7dc        0x4 c:/users/john/appdata/local/arduino15/packages/seeeduino/tools/arm-none-eabi-gcc/7-2017q4/bin/../lib/gcc/arm-none-eabi/7.2.1/../../../../arm-none-eabi/lib/thumb/v6-m\libc_nano.a(lib_a-localeconv.o)
                0x0000c7dc                __localeconv_l
 .text._localeconv_r
                0x0000c7e0       0x18 c:/users/john/appdata/local/arduino15/packages/seeeduino/tools/arm-none-eabi-gcc/7-2017q4/bin/../lib/gcc/arm-none-eabi/7.2.1/../../../../arm-none-eabi/lib/thumb/v6-m\libc_nano.a(lib_a-localeconv.o)
                0x0000c7e0                _localeconv_r
 .text.__ascii_mbtowc
                0x0000c7f8       0x24 c:/users/john/appdata/local/arduino15/packages/seeeduino/tools/arm-none-eabi-gcc/7-2017q4/bin/../lib/gcc/arm-none-eabi/7.2.1/../../../../arm-none-eabi/lib/thumb/v6-m\libc_nano.a(lib_a-mbtowc_r.o)
                0x0000c7f8                __ascii_mbtowc
 .text.memchr   0x0000c81c       0x16 c:/users/john/appdata/local/arduino15/packages/seeeduino/tools/arm-none-eabi-gcc/7-2017q4/bin/../lib/gcc/arm-none-eabi/7.2.1/../../../../arm-none-eabi/lib/thumb/v6-m\libc_nano.a(lib_a-memchr-stub.o)
                0x0000c81c                memchr
 .text.__malloc_lock
                0x0000c832        0x2 c:/users/john/appdata/local/arduino15/packages/seeeduino/tools/arm-none-eabi-gcc/7-2017q4/bin/../lib/gcc/arm-none-eabi/7.2.1/../../../../arm-none-eabi/lib/thumb/v6-m\libc_nano.a(lib_a-mlock.o)
                0x0000c832                __malloc_lock
 .text.__malloc_unlock
                0x0000c834        0x2 c:/users/john/appdata/local/arduino15/packages/seeeduino/tools/arm-none-eabi-gcc/7-2017q4/bin/../lib/gcc/arm-none-eabi/7.2.1/../../../../arm-none-eabi/lib/thumb/v6-m\libc_nano.a(lib_a-mlock.o)
                0x0000c834                __malloc_unlock
 .text._Balloc  0x0000c836       0x70 c:/users/john/appdata/local/arduino15/packages/seeeduino/tools/arm-none-eabi-gcc/7-2017q4/bin/../lib/gcc/arm-none-eabi/7.2.1/../../../../arm-none-eabi/lib/thumb/v6-m\libc_nano.a(lib_a-mprec.o)
                0x0000c836                _Balloc
 .text._Bfree   0x0000c8a6       0x32 c:/users/john/appdata/local/arduino15/packages/seeeduino/tools/arm-none-eabi-gcc/7-2017q4/bin/../lib/gcc/arm-none-eabi/7.2.1/../../../../arm-none-eabi/lib/thumb/v6-m\libc_nano.a(lib_a-mprec.o)
                0x0000c8a6                _Bfree
 .text.__multadd
                0x0000c8d8       0x7c c:/users/john/appdata/local/arduino15/packages/seeeduino/tools/arm-none-eabi-gcc/7-2017q4/bin/../lib/gcc/arm-none-eabi/7.2.1/../../../../arm-none-eabi/lib/thumb/v6-m\libc_nano.a(lib_a-mprec.o)
                0x0000c8d8                __multadd
 .text.__s2b    0x0000c954       0x7c c:/users/john/appdata/local/arduino15/packages/seeeduino/tools/arm-none-eabi-gcc/7-2017q4/bin/../lib/gcc/arm-none-eabi/7.2.1/../../../../arm-none-eabi/lib/thumb/v6-m\libc_nano.a(lib_a-mprec.o)
                0x0000c954                __s2b
 .text.__hi0bits
                0x0000c9d0       0x34 c:/users/john/appdata/local/arduino15/packages/seeeduino/tools/arm-none-eabi-gcc/7-2017q4/bin/../lib/gcc/arm-none-eabi/7.2.1/../../../../arm-none-eabi/lib/thumb/v6-m\libc_nano.a(lib_a-mprec.o)
                0x0000c9d0                __hi0bits
 .text.__lo0bits
                0x0000ca04       0x5e c:/users/john/appdata/local/arduino15/packages/seeeduino/tools/arm-none-eabi-gcc/7-2017q4/bin/../lib/gcc/arm-none-eabi/7.2.1/../../../../arm-none-eabi/lib/thumb/v6-m\libc_nano.a(lib_a-mprec.o)
                0x0000ca04                __lo0bits
 .text.__i2b    0x0000ca62       0x12 c:/users/john/appdata/local/arduino15/packages/seeeduino/tools/arm-none-eabi-gcc/7-2017q4/bin/../lib/gcc/arm-none-eabi/7.2.1/../../../../arm-none-eabi/lib/thumb/v6-m\libc_nano.a(lib_a-mprec.o)
                0x0000ca62                __i2b
 .text.__multiply
                0x0000ca74      0x11e c:/users/john/appdata/local/arduino15/packages/seeeduino/tools/arm-none-eabi-gcc/7-2017q4/bin/../lib/gcc/arm-none-eabi/7.2.1/../../../../arm-none-eabi/lib/thumb/v6-m\libc_nano.a(lib_a-mprec.o)